dump        1 all custom 1000 results_unbiased/graphite_${T}K_${P}bar.traj element x y z id
dump        1 all custom 1000 results_unbiased/graphite_1500K_${P}bar.traj element x y z id
dump        1 all custom 1000 results_unbiased/graphite_1500K_1000000bar.traj element x y z id
dump_modify 1 element C

run         100000
Per MPI rank memory allocation (min/avg/max) = 3.13 | 3.13 | 3.13 Mbytes
   Step          Temp          E_pair         E_mol          TotEng         Press          Volume    
    100001   1727.5073     -3630.6838      0             -3516.5786      963381.18      2633.1679    
    101000   1658.5635     -3637.0018      0             -3527.4505      950918.13      2639.7629    
    102000   1657.942      -3631.2018      0             -3521.6916      994004.25      2630.9946    
    103000   1751.4445     -3632.0071      0             -3516.3208      1051563.6      2637.6026    
    104000   1780.7717     -3635.0078      0             -3517.3844      961483.38      2644.5292    
    105000   1700.7993     -3628.0144      0             -3515.6733      1031464        2635.5992    
    106000   1674.8198     -3627.9942      0             -3517.3691      1059915        2630.6049    
    107000   1607.9772     -3617.5857      0             -3511.3757      1059103.4      2622.9829    
    108000   1755.5666     -3628.8934      0             -3512.9349      1061355.2      2630.541     
    109000   1691.4772     -3634.1747      0             -3522.4494      937335.18      2646.9714    
    110000   1708.2366     -3632.1729      0             -3519.3406      974893.52      2638.3169    
    111000   1749.2756     -3635.5389      0             -3519.9959      946560.95      2640.0823    
    112000   1662.636      -3630.2392      0             -3520.4188      1016745.8      2634.37      
    113000   1696.2229     -3630.5861      0             -3518.5472      1034692.8      2636.9277    
    114000   1637.783      -3641.2569      0             -3533.0782      861196.38      2652.7894    
    115000   1717.969      -3636.4335      0             -3522.9584      1060626.8      2623.2193    
    116000   1862.1523     -3635.9501      0             -3512.9513      988114.83      2631.5767    
    117000   1782.577      -3628.2139      0             -3510.4713      1023689.8      2627.1683    
    118000   1712.2521     -3633.9158      0             -3520.8182      1006739.2      2637.6204    
    119000   1716.3102     -3633.0108      0             -3519.6452      1057762.1      2635.8493    
    120000   1734.5856     -3637.4034      0             -3522.8306      966037.41      2640.1283    
    121000   1725.4671     -3631.1027      0             -3517.1323      1107693.7      2641.0078    
    122000   1587.3249     -3632.3192      0             -3527.4733      943443.9       2638.8413    
    123000   1681.4265     -3638.8529      0             -3527.7914      890108.23      2651.0008    
    124000   1725.483      -3638.0282      0             -3524.0567      1096189.5      2635.3602    
    125000   1661.2727     -3622.7027      0             -3512.9724      1031594.7      2613.7403    
    126000   1832.6723     -3625.6237      0             -3504.5721      977587.87      2629.5821    
    127000   1711.5834     -3644.4692      0             -3531.4158      974703.75      2656.987     
    128000   1750.228      -3622.0873      0             -3506.4814      1152182.2      2620.5125    
    129000   1683.5421     -3637.5052      0             -3526.3039      921853.14      2649.6076    
    130000   1728.0905     -3629.8793      0             -3515.7355      1055466.1      2632.3704    
    131000   1769.85       -3638.7021      0             -3521.8001      940238.69      2647.5473    
    132000   1747.927      -3628.8563      0             -3513.4024      931441.32      2641.4828    
    133000   1685.9367     -3636.4243      0             -3525.0649      968482.12      2643.0473    
    134000   1832.4883     -3634.5268      0             -3513.4874      973437.6       2629.54      
    135000   1699.8823     -3635.6507      0             -3523.3702      916746.99      2640.5836    
    136000   1638.4611     -3628.407       0             -3520.1835      964885.07      2634.9766    
    137000   1648.069      -3629.7179      0             -3520.8597      971734.61      2634.9951    
    138000   1770.0684     -3641.4104      0             -3524.494       994689.4       2642.0152    
    139000   1707.3301     -3623.493       0             -3510.7206      1009391.4      2628.0119    
    140000   1651.4871     -3631.1412      0             -3522.0573      974552.93      2632.1128    
    141000   1761.706      -3631.9454      0             -3515.5813      1052215.7      2628.4707    
    142000   1749.9285     -3620.8544      0             -3505.2682      1050751.9      2617.1526    
    143000   1665.1182     -3633.5816      0             -3523.5973      952472.83      2640.1552    
    144000   1755.2732     -3632.0395      0             -3516.1003      928334.75      2639.464     
    145000   1731.0226     -3632.1386      0             -3517.8012      964453.66      2629.5981    
    146000   1640.1487     -3626.8604      0             -3518.5254      960997.91      2628.1916    
    147000   1705.4427     -3636.1494      0             -3523.5017      1024769.7      2631.8031    
    148000   1740.3733     -3633.6085      0             -3518.6535      949345.31      2633.6242    
    149000   1730.6425     -3633.4396      0             -3519.1273      999510.84      2636.4032    
    150000   1612.8156     -3623.0651      0             -3516.5355      951858.04      2624.6486    
    151000   1626.7296     -3631.0737      0             -3523.6251      1030609.3      2630.0261    
    152000   1680.0027     -3637.1537      0             -3526.1863      1013681.2      2648.422     
    153000   1803.9261     -3623.0282      0             -3503.8754      1071708.5      2617.5411    
    154000   1767.7071     -3621.8531      0             -3505.0927      1071188.4      2624.1954    
    155000   1730.8329     -3635.8018      0             -3521.4769      985729.61      2636.649     
    156000   1787.0591     -3643.3886      0             -3525.3499      882146.18      2645.9852    
    157000   1652.327      -3636.8577      0             -3527.7183      950373.76      2647.5118    
    158000   1754.0758     -3634.4329      0             -3518.5728      983774.13      2641.6914    
    159000   1685.6971     -3622.2213      0             -3510.8777      1054485.1      2628.0498    
    160000   1618.6762     -3625.8658      0             -3518.9491      964442.15      2632.0376    
    161000   1709.8407     -3632.6795      0             -3519.7412      909341.43      2646.5495    
    162000   1665.2549     -3627.618       0             -3517.6247      1092178.5      2640.1604    
    163000   1787.3702     -3643.9881      0             -3525.9288      972965.25      2643.4858    
    164000   1759.1193     -3637.1539      0             -3520.9607      957029.6       2639.6491    
    165000   1694.5825     -3630.8155      0             -3518.8851      983007.36      2635.3187    
    166000   1693.0717     -3640.9702      0             -3529.1395      927668.02      2646.2411    
    167000   1669.1625     -3628.0639      0             -3517.8125      973273.03      2620.6041    
    168000   1678.233      -3632.3638      0             -3521.5132      947858.17      2645.8815    
    169000   1736.1906     -3629.7448      0             -3515.066       940802.16      2640.937     
    170000   1805.9538     -3628.3137      0             -3509.027       1073138.7      2619.1655    
    171000   1785.2394     -3631.7498      0             -3513.8312      1051403        2635.1254    
    172000   1778.301      -3630.8016      0             -3513.3414      1018172.8      2626.4237    
    173000   1719.2098     -3633.472       0             -3519.9149      902471.86      2638.3539    
    174000   1690.8103     -3632.8994      0             -3521.2181      1163713.5      2632.8797    
    175000   1728.1913     -3636.4353      0             -3522.285       931582.85      2645.5262    
    176000   1635.2729     -3631.0908      0             -3523.0779      1022074.1      2625.6555    
    177000   1707.3584     -3638.039       0             -3525.2647      956416.36      2642.5317    
    178000   1760.3836     -3634.3629      0             -3518.0862      1008522.5      2636.6409    
    179000   1760.4457     -3630.6707      0             -3514.3899      1051073.5      2627.9808    
    180000   1689.4385     -3635.7748      0             -3524.1842      959977.86      2632.4412    
    181000   1692.3777     -3631.395       0             -3519.6102      989531.86      2629.1164    
    182000   1812.1438     -3639.9953      0             -3520.2996      1048912.5      2637.7508    
    183000   1700.0207     -3634.2642      0             -3521.9746      994045.59      2638.3233    
    184000   1747.8874     -3634.2356      0             -3518.7842      972970.89      2629.7456    
    185000   1731.5929     -3630.6001      0             -3516.225       959721.74      2634.1998    
    186000   1761.5852     -3632.9765      0             -3516.6204      1050307.4      2636.1038    
    187000   1665.0095     -3628.0825      0             -3518.1054      979701.52      2628.7789    
    188000   1732.3121     -3630.5192      0             -3516.0966      989441.19      2634.9238    
    189000   1794.7719     -3639.7685      0             -3521.2203      944089.53      2640.9566    
    190000   1677.6375     -3637.8611      0             -3527.0499      917441.83      2639.2225    
    191000   1679.7874     -3627.5959      0             -3516.6427      991309.88      2631.4593    
    192000   1712.6616     -3630.1564      0             -3517.0318      1016705.6      2643.5034    
    193000   1763.2189     -3632.9015      0             -3516.4375      992207.39      2635.3465    
    194000   1779.53       -3627.8507      0             -3510.3093      1083210.9      2619.9484    
    195000   1856.113      -3631.9769      0             -3509.377       1058565.2      2634.0183    
    196000   1621.7374     -3626.762       0             -3519.6432      1029993.9      2631.0645    
    197000   1718.8322     -3621.4761      0             -3507.9439      1041498.3      2627.22      
    198000   1711.7839     -3622.0978      0             -3509.0312      1046142.7      2629.9668    
    199000   1693.9989     -3630.5744      0             -3518.6825      1014940.6      2625.785     
    200000   1697.098      -3626.5136      0             -3514.4169      1012521        2633.3656    
    200001   1677.9552     -3625.2231      0             -3514.3909      1011177.5      2633.3491    
Loop time of 38.1879 on 1 procs for 100000 steps with 512 atoms

Performance: 226.250 ns/day, 0.106 hours/ns, 2618.634 timesteps/s, 1.341 Matom-step/s
99.9% CPU use with 1 MPI tasks x 1 OpenMP threads

MPI task timing breakdown:
Section |  min time  |  avg time  |  max time  |%varavg| %total
---------------------------------------------------------------
Pair    | 36.752     | 36.752     | 36.752     |   0.0 | 96.24
Neigh   | 0          | 0          | 0          |   0.0 |  0.00
Comm    | 0.27763    | 0.27763    | 0.27763    |   0.0 |  0.73
Output  | 0.029565   | 0.029565   | 0.029565   |   0.0 |  0.08
Modify  | 1.0128     | 1.0128     | 1.0128     |   0.0 |  2.65
Other   |            | 0.1163     |            |       |  0.30

Nlocal:            512 ave         512 max         512 min
Histogram: 1 0 0 0 0 0 0 0 0 0
Nghost:           1640 ave        1640 max        1640 min
Histogram: 1 0 0 0 0 0 0 0 0 0
Neighs:              0 ave           0 max           0 min
Histogram: 1 0 0 0 0 0 0 0 0 0
FullNghs:        26956 ave       26956 max       26956 min
Histogram: 1 0 0 0 0 0 0 0 0 0

Total # of neighbors = 26956
Ave neighs/atom = 52.648438
Neighbor list builds = 0
Dangerous builds = 0

write_data  structure/graphite_${T}K_${P}bar.lmp
write_data  structure/graphite_1500K_${P}bar.lmp
write_data  structure/graphite_1500K_1000000bar.lmp
System init for write_data ...
Total wall time: 0:01:16
