dump        1 all custom 1000 results_unbiased/graphite_${T}K_${P}bar.traj element x y z id
dump        1 all custom 1000 results_unbiased/graphite_2000K_${P}bar.traj element x y z id
dump        1 all custom 1000 results_unbiased/graphite_2000K_1000000bar.traj element x y z id
dump_modify 1 element C

run         100000
Per MPI rank memory allocation (min/avg/max) = 3.13 | 3.13 | 3.13 Mbytes
   Step          Temp          E_pair         E_mol          TotEng         Press          Volume    
    100001   2229.0267     -3596.2651      0             -3449.0335      980151.82      2649.2322    
    101000   2172.958      -3599.3467      0             -3455.8186      1089716.1      2653.3991    
    102000   2309.7874     -3604.0852      0             -3451.5193      1068137.1      2665.2836    
    103000   2279.0228     -3602.1395      0             -3451.6057      986458.29      2655.9673    
    104000   2176.593      -3618.934       0             -3475.1658      902273.66      2685.5921    
    105000   2217.0351     -3627.6838      0             -3481.2443      886879.9       2690.0296    
    106000   2217.2386     -3603.1325      0             -3456.6796      999998.25      2661.9906    
    107000   2220.7815     -3595.4865      0             -3448.7996      1020506.7      2641.1066    
    108000   2038.4514     -3601.7967      0             -3467.153       963574.35      2666.8518    
    109000   2337.7001     -3601.7755      0             -3447.3659      1026532.7      2661.9287    
    110000   2219.0111     -3612.0248      0             -3465.4549      1074343        2670.1414    
    111000   2137.6087     -3614.9629      0             -3473.7697      1044151.2      2679.2781    
    112000   2246.058      -3613.5692      0             -3465.2127      939953.46      2676.1569    
    113000   2350.4025     -3604.0829      0             -3448.8343      943242.64      2660.3676    
    114000   2281.4513     -3611.337       0             -3460.6428      988536.33      2655.2584    
    115000   2324.5826     -3607.0913      0             -3453.5481      1032187        2655.3499    
    116000   2160.9185     -3610.7572      0             -3468.0244      940397.07      2678.8027    
    117000   2288.3038     -3616.1273      0             -3464.9804      905516         2669.5495    
    118000   2267.2447     -3604.8161      0             -3455.0602      1025748.1      2653.3795    
    119000   2201.442      -3609.0713      0             -3463.6618      975918.05      2670.7032    
    120000   2070.0863     -3604.2625      0             -3467.5293      1096962.7      2664.9006    
    121000   2289.412      -3607.1643      0             -3455.9442      1007637        2663.571     
    122000   2094.0508     -3590.563       0             -3452.2469      1029739.5      2656.5357    
    123000   2290.7324     -3616.6049      0             -3465.2976      940249.89      2670.8152    
    124000   2068.6788     -3608.0047      0             -3471.3645      958006.04      2679.946     
    125000   2141.7699     -3611.6869      0             -3470.2188      943145.19      2677.86      
    126000   2179.1225     -3605.4125      0             -3461.4772      957804.31      2667.5799    
    127000   2252.5008     -3609.2762      0             -3460.4942      1007056.4      2666.9072    
    128000   2143.968      -3614.7625      0             -3473.1492      1025163.2      2676.9825    
    129000   2272.9821     -3617.0754      0             -3466.9406      1033934.3      2682.328     
    130000   2388.3521     -3599.416       0             -3441.6607      1088314.1      2640.208     
    131000   2139.9188     -3610.3049      0             -3468.9591      976502.27      2676.7819    
    132000   2262.8597     -3601.3951      0             -3451.9289      1100745.2      2664.0821    
    133000   2150.635      -3614.9063      0             -3472.8527      981011.47      2690.1401    
    134000   2228.4103     -3603.1435      0             -3455.9527      1069322.9      2660.829     
    135000   2380.6034     -3620.4481      0             -3463.2047      930609.24      2669.7325    
    136000   2094.6026     -3601.7588      0             -3463.4063      956830.7       2668.2524    
    137000   2252.6393     -3617.9628      0             -3469.1716      919932.38      2685.8404    
    138000   2337.8378     -3602.2442      0             -3447.8255      1103971.6      2657.5565    
    139000   2206.8845     -3605.9384      0             -3460.1694      1014123.1      2663.049     
    140000   2037.0292     -3590.63        0             -3456.0803      1101345.9      2656.2011    
    141000   2172.5196     -3602.243       0             -3458.7439      1090181.1      2660.652     
    142000   2235.2495     -3594.6909      0             -3447.0483      1029229.5      2647.2659    
    143000   2202.4216     -3585.9556      0             -3440.4814      1050335.8      2639.2684    
    144000   2239.1748     -3601.4908      0             -3453.589       1023604.6      2651.3121    
    145000   2318.5149     -3601.4546      0             -3448.3122      980244.22      2655.7944    
    146000   2202.2023     -3608.0385      0             -3462.5788      980217.1       2665.0797    
    147000   2315.5962     -3602.1994      0             -3449.2498      993699.38      2656.5796    
    148000   2245.9648     -3602.7826      0             -3454.4323      971922.51      2669.2348    
    149000   2183.8306     -3597.3623      0             -3453.116       1080474.3      2661.4183    
    150000   2056.7541     -3613.4671      0             -3477.6145      951676.73      2673.005     
    151000   2114.292      -3608.6612      0             -3469.0082      1025505.6      2676.6347    
    152000   2259.9851     -3604.0501      0             -3454.7737      996906.26      2655.4743    
    153000   2299.5784     -3598.3698      0             -3446.4782      1008162.1      2654.4988    
    154000   2295.3636     -3614.2267      0             -3462.6135      922799.91      2669.6978    
    155000   2253.9748     -3617.2961      0             -3468.4167      986608.91      2666.8717    
    156000   2090.8772     -3605.3434      0             -3467.2369      1021109.1      2673.3124    
    157000   2090.8732     -3589.2598      0             -3451.1536      1037700.9      2651.233     
    158000   2322.6278     -3615.6395      0             -3462.2254      961690.32      2666.917     
    159000   2201.0333     -3613.5149      0             -3468.1324      916653.43      2675.6278    
    160000   2109.6464     -3600.7248      0             -3461.3786      976500.89      2657.8933    
    161000   2174.9892     -3601.1479      0             -3457.4857      1034564.9      2671.4493    
    162000   2147.0972     -3620.6647      0             -3478.8448      1007536.8      2690.9173    
    163000   2091.0034     -3609.9001      0             -3471.7853      932141.12      2683.0096    
    164000   2115.881      -3603.0551      0             -3463.2971      1002496.1      2679.5111    
    165000   2185.6433     -3614.4557      0             -3470.0897      1030458.4      2671.9903    
    166000   2162.5088     -3609.3761      0             -3466.5382      1064275.6      2677.962     
    167000   2270.5735     -3602.5436      0             -3452.5678      1014025        2663.0321    
    168000   2174.794      -3603.7497      0             -3460.1003      1048843.1      2660.7811    
    169000   2268.6639     -3608.4371      0             -3458.5875      1038371.4      2660.3496    
    170000   2217.2413     -3599.6156      0             -3453.1625      1031550.7      2663.3561    
    171000   2196.8218     -3592.1006      0             -3446.9963      988336.42      2647.4725    
    172000   2293.9035     -3612.5518      0             -3461.035       984688.78      2670.6726    
    173000   2089.4273     -3607.8553      0             -3469.8446      933481.62      2673.4694    
    174000   2160.1337     -3611.1043      0             -3468.4233      949720.6       2669.9578    
    175000   2246.1712     -3607.058       0             -3458.6941      903109.34      2660.2646    
    176000   2167.1197     -3608.711       0             -3465.5685      903960.9       2669.9305    
    177000   2257.9157     -3612.563       0             -3463.4233      1033114.1      2669.049     
    178000   2211.1106     -3621.6005      0             -3475.5524      963085.5       2687.1074    
    179000   2198.4816     -3604.1247      0             -3458.9107      1028416.9      2670.0359    
    180000   2140.7383     -3607.5931      0             -3466.1932      1009862.6      2671.183     
    181000   2214.6161     -3608.6004      0             -3462.3207      1024680.8      2668.1264    
    182000   2125.9609     -3605.1009      0             -3464.6771      1026049.4      2676.2946    
    183000   2134.9868     -3593.8307      0             -3452.8107      1024549.1      2654.4256    
    184000   2184.2629     -3588.9672      0             -3444.6924      1049167.9      2648.3103    
    185000   2214.6999     -3617.1793      0             -3470.8941      921547.11      2684.4733    
    186000   2174.1906     -3610.5754      0             -3466.9659      910576.43      2673.5684    
    187000   2173.3714     -3597.4215      0             -3453.8661      1081759.2      2660.4071    
    188000   2143.7247     -3612.4752      0             -3470.878       993419.59      2676.3779    
    189000   2344.2653     -3612.0294      0             -3457.1862      968215.05      2676.7756    
    190000   2145.3002     -3601.8341      0             -3460.1329      1058752.5      2660.8287    
    191000   2160.1975     -3613.0172      0             -3470.332       1029214.6      2670.8486    
    192000   2427.5968     -3613.5587      0             -3453.2113      1045432.3      2669.0251    
    193000   2136.3964     -3600.0102      0             -3458.8971      958592.91      2667.397     
    194000   2129.1239     -3598.4789      0             -3457.8462      1097412.4      2660.875     
    195000   2268.6926     -3612.7411      0             -3462.8896      1022962.4      2664.2523    
    196000   2170.1079     -3609.9853      0             -3466.6454      960081.64      2673.2518    
    197000   2065.804      -3597.9207      0             -3461.4703      1107787.2      2659.6937    
    198000   2186.829      -3609.4378      0             -3464.9935      1012391.8      2676.1312    
    199000   2100.3318     -3607.8826      0             -3469.1516      956127.28      2682.2743    
    200000   2224.9973     -3604.1677      0             -3457.2024      913976.61      2658.6537    
    200001   2141.4864     -3597.2778      0             -3455.8285      946464.7       2658.6051    
Loop time of 38.0406 on 1 procs for 100000 steps with 512 atoms

Performance: 227.125 ns/day, 0.106 hours/ns, 2628.767 timesteps/s, 1.346 Matom-step/s
99.7% CPU use with 1 MPI tasks x 1 OpenMP threads

MPI task timing breakdown:
Section |  min time  |  avg time  |  max time  |%varavg| %total
---------------------------------------------------------------
Pair    | 36.607     | 36.607     | 36.607     |   0.0 | 96.23
Neigh   | 0.032172   | 0.032172   | 0.032172   |   0.0 |  0.08
Comm    | 0.26534    | 0.26534    | 0.26534    |   0.0 |  0.70
Output  | 0.027378   | 0.027378   | 0.027378   |   0.0 |  0.07
Modify  | 0.99481    | 0.99481    | 0.99481    |   0.0 |  2.62
Other   |            | 0.1143     |            |       |  0.30

Nlocal:            512 ave         512 max         512 min
Histogram: 1 0 0 0 0 0 0 0 0 0
Nghost:           1620 ave        1620 max        1620 min
Histogram: 1 0 0 0 0 0 0 0 0 0
Neighs:              0 ave           0 max           0 min
Histogram: 1 0 0 0 0 0 0 0 0 0
FullNghs:        26582 ave       26582 max       26582 min
Histogram: 1 0 0 0 0 0 0 0 0 0

Total # of neighbors = 26582
Ave neighs/atom = 51.917969
Neighbor list builds = 62
Dangerous builds = 0

write_data  structure/graphite_${T}K_${P}bar.lmp
write_data  structure/graphite_2000K_${P}bar.lmp
write_data  structure/graphite_2000K_1000000bar.lmp
System init for write_data ...
Total wall time: 0:01:16
