dump        1 all custom 1000 results_unbiased/graphite_${T}K_${P}bar.traj element x y z id
dump        1 all custom 1000 results_unbiased/graphite_2500K_${P}bar.traj element x y z id
dump        1 all custom 1000 results_unbiased/graphite_2500K_1000000bar.traj element x y z id
dump_modify 1 element C

run         100000
Per MPI rank memory allocation (min/avg/max) = 3.129 | 3.129 | 3.129 Mbytes
   Step          Temp          E_pair         E_mol          TotEng         Press          Volume    
    100001   2645.6073     -3593.2169      0             -3418.4694      876446.12      2715.8551    
    101000   2872.9282     -3576.7537      0             -3386.9913      993070.11      2696.2564    
    102000   2693.6845     -3573.5281      0             -3395.605       1157279.7      2683.9686    
    103000   2581.7843     -3570.1402      0             -3399.6084      959644.38      2696.8271    
    104000   2755.4252     -3576.7224      0             -3394.7213      1029099.9      2681.2449    
    105000   2750.1105     -3582.7783      0             -3401.1281      1041253.5      2695.8551    
    106000   2684.4786     -3568.9948      0             -3391.6798      1061548.5      2672.5574    
    107000   2666.9508     -3589.2434      0             -3413.0862      979394.49      2713.8322    
    108000   2692.873      -3565.1594      0             -3387.2899      1035192.1      2692.3728    
    109000   2771.0146     -3564.4215      0             -3381.3906      1101089.3      2682.0262    
    110000   2800.699      -3585.1173      0             -3400.1257      925849.85      2699.6203    
    111000   2729.4373     -3575.9367      0             -3395.652       1136766.4      2684.0204    
    112000   2748.6829     -3580.197       0             -3398.6412      1001725.3      2695.1584    
    113000   2790.3115     -3573.1991      0             -3388.8937      1008271.1      2674.7032    
    114000   2563.9099     -3570.8446      0             -3401.4934      1042191        2681.3388    
    115000   2785.5965     -3577.4667      0             -3393.4727      1023183.3      2701.1593    
    116000   2825.8023     -3591.4391      0             -3404.7894      931845.62      2704.3684    
    117000   2777.8181     -3587.3849      0             -3403.9046      995152.21      2698.4122    
    118000   2787.9749     -3566.7481      0             -3382.5969      1167695.2      2674.0945    
    119000   2566.1996     -3572.9623      0             -3403.4598      935064.36      2703.204     
    120000   2638.9284     -3568.8055      0             -3394.4992      1055870.5      2696.3277    
    121000   2634.5283     -3571.5014      0             -3397.4857      1000415.2      2694.3905    
    122000   2642.0351     -3569.5795      0             -3395.068       1092470.9      2685.6866    
    123000   2761.4182     -3583.8755      0             -3401.4785      950124.4       2695.5119    
    124000   2609.8829     -3572.9726      0             -3400.5847      1014473.9      2699.0415    
    125000   2838.4953     -3582.8386      0             -3395.3505      1030588.1      2689.0228    
    126000   2681.6162     -3586.1         0             -3408.9741      1018006.9      2690.0099    
    127000   2866.6272     -3577.7808      0             -3388.4345      931993.97      2687.0397    
    128000   2660.4832     -3584.3409      0             -3408.6108      948037.21      2696.7953    
    129000   2657.2491     -3581.3002      0             -3405.7838      910364.65      2714.1116    
    130000   2756.8772     -3578.2568      0             -3396.1597      1056123.3      2683.3712    
    131000   2768.3438     -3581.0033      0             -3398.1489      1008061.4      2695.4668    
    132000   2585.4112     -3567.1129      0             -3396.3415      1029911.6      2684.7136    
    133000   2729.1502     -3586.0765      0             -3405.8109      977876.39      2703.5421    
    134000   2705.2145     -3573.7836      0             -3395.099       1022996.1      2686.3014    
    135000   2544.3029     -3579.9714      0             -3411.9152      956388.19      2708.1957    
    136000   2793.7945     -3581.9661      0             -3397.4306      959167.91      2693.5933    
    137000   2884.0536     -3576.8251      0             -3386.3277      1018881        2689.1673    
    138000   2723.3159     -3571.0761      0             -3391.1958      1181093.7      2678.5669    
    139000   2684.9937     -3579.6755      0             -3402.3265      923429.83      2709.5998    
    140000   2600.581      -3582.6142      0             -3410.8408      932153.52      2706.392     
    141000   2658.6936     -3580.1278      0             -3404.516       964624         2692.4231    
    142000   2713.227      -3573.7476      0             -3394.5337      1071405.9      2687.9806    
    143000   2578.737      -3582.7302      0             -3412.3996      921578.39      2718.1408    
    144000   2786.05       -3565.4225      0             -3381.3985      1124109.5      2658.4873    
    145000   2665.4963     -3569.2747      0             -3393.2135      1001375        2697.3771    
    146000   2541.6967     -3569.306       0             -3401.422       973016.14      2686.9729    
    147000   2602.4531     -3588.634       0             -3416.7369      922195.12      2710.6478    
    148000   2786.7802     -3581.5559      0             -3397.4837      1046783.3      2683.4706    
    149000   2579.9708     -3574.7838      0             -3404.3717      1010299.8      2696.4798    
    150000   2674.6613     -3567.5214      0             -3390.8549      1036896.7      2690.3459    
    151000   2912.9673     -3575.3762      0             -3382.9691      1068295.5      2675.9717    
    152000   2674.1316     -3572.0135      0             -3395.3819      961868.13      2691.4908    
    153000   2589.9093     -3573.7925      0             -3402.724       1002529.3      2704.9705    
    154000   2688.0006     -3584.7079      0             -3407.1602      930368.12      2706.4083    
    155000   2691.7218     -3582.309       0             -3404.5156      980931.44      2699.3963    
    156000   2727.5181     -3584.8188      0             -3404.661       1003839.4      2698.4988    
    157000   2742.8837     -3578.1206      0             -3396.9478      1065618.9      2683.0901    
    158000   2693.5994     -3589.5275      0             -3411.6101      981130.24      2708.2434    
    159000   2810.6027     -3565.5624      0             -3379.9167      1022417.6      2672.7937    
    160000   2606.1333     -3569.6509      0             -3397.5107      984797.61      2693.5497    
    161000   2642.1663     -3563.568       0             -3389.0478      1009026.5      2683.0048    
    162000   2715.3091     -3579.9368      0             -3400.5854      977772.64      2688.8959    
    163000   2730.4953     -3575.5631      0             -3395.2086      1056033.1      2698.1403    
    164000   2832.7941     -3586.8434      0             -3399.7319      1038891.7      2698.3729    
    165000   2799.3944     -3587.4443      0             -3402.5389      936380.22      2705.2982    
    166000   2742.9473     -3575.5818      0             -3394.4048      1004138        2691.3392    
    167000   2676.5502     -3569.6069      0             -3392.8156      1012304.3      2682.2551    
    168000   2795.7776     -3584.8575      0             -3400.191       931203.8       2697.5409    
    169000   2550.7694     -3578.0971      0             -3409.6139      876574.25      2713.8415    
    170000   2717.3917     -3582.1808      0             -3402.6918      1002012.4      2699.2971    
    171000   2712.1366     -3574.868       0             -3395.7261      1019240.9      2689.5554    
    172000   2579.3999     -3579.652       0             -3409.2776      870122.71      2706.2883    
    173000   2721.7543     -3577.9377      0             -3398.1606      964335.41      2700.945     
    174000   2681.441      -3578.4766      0             -3401.3623      999151.98      2698.3106    
    175000   2700.8602     -3591.9314      0             -3413.5343      850071.11      2713.2165    
    176000   2822.1858     -3573.313       0             -3386.9022      1009512.3      2687.6046    
    177000   2800.757      -3578.4976      0             -3393.5022      1012258.9      2685.2054    
    178000   2756.9878     -3564.7534      0             -3382.649       1091211.5      2667.8649    
    179000   2734.5833     -3582.2863      0             -3401.6618      903424.01      2706.9743    
    180000   2779.6571     -3579.8252      0             -3396.2234      1008007.4      2697.0604    
    181000   2833.2675     -3563.6414      0             -3376.4986      1083782.9      2669.7313    
    182000   2626.1538     -3581.5755      0             -3408.1129      972719.42      2699.5011    
    183000   2624.9165     -3580.9091      0             -3407.5283      1035884.4      2704.8556    
    184000   2673.0041     -3578.9075      0             -3402.3504      944321.05      2709.3041    
    185000   2710.3569     -3571.1986      0             -3392.1743      1182467.8      2672.7443    
    186000   2779.4306     -3580.8287      0             -3397.242       996248.49      2688.55      
    187000   2757.4938     -3579.5241      0             -3397.3863      965979.85      2690.2607    
    188000   2593.0069     -3570.24        0             -3398.9669      986521.45      2697.1064    
    189000   2704.9354     -3563.1075      0             -3384.4412      1054609.6      2678.5251    
    190000   2793.0901     -3584.8672      0             -3400.3782      987428.7       2697.1123    
    191000   2601.8331     -3581.3495      0             -3409.4934      926205.36      2694.0727    
    192000   2818.0214     -3577.6468      0             -3391.5111      966865.61      2685.8056    
    193000   2663.0619     -3572.8561      0             -3396.9557      1022653.6      2698.795     
    194000   2745.5305     -3572.3627      0             -3391.0151      1031642.2      2697.6552    
    195000   2684.5229     -3579.8229      0             -3402.505       927459.55      2700.6998    
    196000   2774.8177     -3580.9386      0             -3397.6565      930593.41      2700.6625    
    197000   2732.0915     -3578.089       0             -3397.6291      922212.48      2687.0279    
    198000   2712.4336     -3570.2315      0             -3391.07        1015444.1      2689.824     
    199000   2753.0178     -3582.2302      0             -3400.3881      1002894.8      2690.5332    
    200000   2662.6039     -3581.5549      0             -3405.6847      983934.96      2704.5665    
    200001   2708.7316     -3585.8753      0             -3406.9584      953945.56      2704.5599    
Loop time of 35.1346 on 1 procs for 100000 steps with 512 atoms

Performance: 245.911 ns/day, 0.098 hours/ns, 2846.196 timesteps/s, 1.457 Matom-step/s
102.4% CPU use with 1 MPI tasks x 1 OpenMP threads

MPI task timing breakdown:
Section |  min time  |  avg time  |  max time  |%varavg| %total
---------------------------------------------------------------
Pair    | 33.727     | 33.727     | 33.727     |   0.0 | 95.99
Neigh   | 0.038822   | 0.038822   | 0.038822   |   0.0 |  0.11
Comm    | 0.25823    | 0.25823    | 0.25823    |   0.0 |  0.73
Output  | 0.026648   | 0.026648   | 0.026648   |   0.0 |  0.08
Modify  | 0.97259    | 0.97259    | 0.97259    |   0.0 |  2.77
Other   |            | 0.1117     |            |       |  0.32

Nlocal:            512 ave         512 max         512 min
Histogram: 1 0 0 0 0 0 0 0 0 0
Nghost:           1580 ave        1580 max        1580 min
Histogram: 1 0 0 0 0 0 0 0 0 0
Neighs:              0 ave           0 max           0 min
Histogram: 1 0 0 0 0 0 0 0 0 0
FullNghs:        26486 ave       26486 max       26486 min
Histogram: 1 0 0 0 0 0 0 0 0 0

Total # of neighbors = 26486
Ave neighs/atom = 51.730469
Neighbor list builds = 87
Dangerous builds = 0

write_data  structure/graphite_${T}K_${P}bar.lmp
write_data  structure/graphite_2500K_${P}bar.lmp
write_data  structure/graphite_2500K_1000000bar.lmp
System init for write_data ...
Total wall time: 0:01:10
