dump        1 all custom 1000 results_unbiased/graphite_${T}K_${P}bar.traj element x y z id
dump        1 all custom 1000 results_unbiased/graphite_3000K_${P}bar.traj element x y z id
dump        1 all custom 1000 results_unbiased/graphite_3000K_1000000bar.traj element x y z id
dump_modify 1 element C

run         100000
Per MPI rank memory allocation (min/avg/max) = 3.13 | 3.13 | 3.13 Mbytes
   Step          Temp          E_pair         E_mol          TotEng         Press          Volume    
    100001   3278.8657     -3536.6786      0             -3320.1031      992659.85      2712.9493    
    101000   3320.358      -3535.3336      0             -3316.0176      1048151.9      2685.9336    
    102000   3240.2831     -3524.65        0             -3310.623       1145992.3      2682.6925    
    103000   3413.2655     -3537.7084      0             -3312.2556      1075052.1      2679.2657    
    104000   3378.0664     -3531.0579      0             -3307.93        1045458.9      2689.8831    
    105000   3253.4521     -3535.5346      0             -3320.6378      1051563.2      2678.8818    
    106000   3236.9791     -3530.7324      0             -3316.9237      890769.32      2705.3652    
    107000   3010.9722     -3525.2337      0             -3326.3532      1114540.4      2700.7168    
    108000   3299.9422     -3545.5926      0             -3327.625       938639.76      2727.7128    
    109000   3081.0148     -3525.4523      0             -3321.9453      1069043.9      2695.3488    
    110000   3406.2909     -3551.8486      0             -3326.8565      962965.26      2695.9708    
    111000   3421.6645     -3540.8309      0             -3314.8233      1089102.9      2699.2168    
    112000   3214.3926     -3539.3015      0             -3326.9847      984150         2693.4859    
    113000   3131.8632     -3527.8864      0             -3321.0207      1085334.7      2686.9017    
    114000   3311.7799     -3536.2946      0             -3317.5451      1028729.3      2699.1812    
    115000   3330.621      -3535.5043      0             -3315.5104      1052449.3      2682.3842    
    116000   3316.751      -3535.9949      0             -3316.9171      1006767.1      2708.1089    
    117000   2953.0103     -3527.5731      0             -3332.521       903107.51      2714.8344    
    118000   3090.4328     -3534.4445      0             -3330.3154      1014711.4      2723.0962    
    119000   3230.0385     -3560.6318      0             -3347.2815      899596.15      2734.3952    
    120000   3052.3361     -3525.0685      0             -3323.4558      1028808        2711.146     
    121000   3285.5275     -3543.8309      0             -3326.8155      1015879.5      2693.0899    
    122000   3341.5747     -3519.945       0             -3299.2275      1052398.1      2689.1452    
    123000   3275.593      -3525.1469      0             -3308.7876      1062838.6      2686.3215    
    124000   3202.6665     -3521.926       0             -3310.3837      1030662.7      2695.3819    
    125000   3178.399      -3530.1069      0             -3320.1675      1009972.6      2692.7082    
    126000   3344.5826     -3536.1692      0             -3315.253       1141463.4      2695.9533    
    127000   3249.1382     -3528.8398      0             -3314.2279      1046549.3      2685.6063    
    128000   3344.1391     -3536.6557      0             -3315.7688      1027719.1      2699.8558    
    129000   3059.7461     -3553.1982      0             -3351.096       949676.09      2719.319     
    130000   3217.8339     -3550.2298      0             -3337.6857      874985.75      2719.1748    
    131000   3260.342      -3544.506       0             -3329.1541      964594.84      2714.2754    
    132000   3214.155      -3548.2977      0             -3335.9965      878424.8       2709.6679    
    133000   3337.8832     -3538.9013      0             -3318.4276      997898.08      2706.8592    
    134000   3231.1062     -3554.7625      0             -3341.3417      947009.98      2718.0811    
    135000   3048.7835     -3520.608       0             -3319.23        1009549.1      2706.7762    
    136000   3361.9775     -3537.1421      0             -3315.0769      1046897.8      2692.2612    
    137000   3303.4785     -3539.1302      0             -3320.9291      1042677.7      2679.585     
    138000   3271.7808     -3537.9475      0             -3321.8401      981976.53      2687.1406    
    139000   3190.1438     -3529.1377      0             -3318.4225      1055509        2686.3324    
    140000   3208.2846     -3541.3683      0             -3329.4549      954739.92      2717.3129    
    141000   3292.3039     -3553.24        0             -3335.7769      875372.54      2726.7164    
    142000   3340.0774     -3546.941       0             -3326.3224      961704.4       2708.5838    
    143000   3228.983      -3530.6629      0             -3317.3823      1060176.8      2705.3899    
    144000   3291.4338     -3549.0675      0             -3331.662       965722.19      2714.2249    
    145000   3103.0256     -3538.0018      0             -3333.041       1022379.2      2715.8288    
    146000   3221.8211     -3529.0953      0             -3316.2878      1014095.1      2694.188     
    147000   3102.4794     -3541.162       0             -3336.2373      961791.7       2723.3525    
    148000   3220.7212     -3551.8381      0             -3339.1033      874936.96      2714.5501    
    149000   3245.8803     -3537.9237      0             -3323.5271      880002.28      2703.1445    
    150000   3210.2503     -3533.5829      0             -3321.5397      995175.48      2698.6237    
    151000   3152.1539     -3538.5703      0             -3330.3644      899688.94      2715.7666    
    152000   3227.3677     -3543.8762      0             -3330.7023      929578.01      2712.4177    
    153000   3251.0822     -3533.59        0             -3318.8497      970373.26      2703.479     
    154000   3179.7658     -3533.0663      0             -3323.0366      922909.01      2708.166     
    155000   3191.4852     -3540.9429      0             -3330.1391      1053800.2      2702.4209    
    156000   3121.3642     -3542.9317      0             -3336.7595      982952.63      2716.0181    
    157000   3160.0458     -3530.5496      0             -3321.8225      1076060.8      2688.7356    
    158000   3397.9759     -3539.1723      0             -3314.7294      924567.76      2693.5904    
    159000   3173.924      -3531.4184      0             -3321.7746      1037150.5      2711.3942    
    160000   3204.3362     -3529.0048      0             -3317.3522      1110954        2687.3797    
    161000   3230.2628     -3543.8062      0             -3330.4411      972639.01      2717.4808    
    162000   3220.761      -3543.1434      0             -3330.4059      1055276.9      2700.802     
    163000   3427.7492     -3532.4334      0             -3306.024       1081816.1      2693.213     
    164000   3342.8666     -3532.123       0             -3311.3202      945490.56      2685.6478    
    165000   3169.2208     -3536.5481      0             -3327.2149      922574.55      2703.1825    
    166000   3318.0715     -3532.1642      0             -3312.9991      1040658.7      2706.4753    
    167000   3126.6038     -3525.3253      0             -3318.8071      996577.56      2705.4708    
    168000   3084.8057     -3530.1522      0             -3326.3948      995083.28      2710.5914    
    169000   3210.3484     -3548.1984      0             -3336.1486      978369.43      2715.4929    
    170000   3094.0735     -3534.5121      0             -3330.1426      1028375.3      2708.1148    
    171000   3246.6606     -3538.5637      0             -3324.1155      1077421.3      2691.7829    
    172000   3033.252      -3532.3671      0             -3332.0149      1036206.3      2709.752     
    173000   3113.8284     -3537.0855      0             -3331.4111      988456.46      2711.5638    
    174000   3136.173      -3518.7852      0             -3311.6349      1122650.9      2679.2535    
    175000   3355.738      -3523.7702      0             -3302.1172      989810.34      2689.3637    
    176000   3155.0442     -3529.6325      0             -3321.2357      1107377.9      2702.0353    
    177000   3212.5299     -3524.4901      0             -3312.2963      1058410.4      2670.5245    
    178000   3124.0912     -3526.5146      0             -3320.1624      1032053.1      2682.8534    
    179000   3218.8627     -3537.3707      0             -3324.7586      1073422.1      2692.2883    
    180000   3260.0131     -3536.8549      0             -3321.5247      987043.06      2698.0556    
    181000   3075.3892     -3530.3898      0             -3327.2544      958097.04      2695.6466    
    182000   3506.7912     -3551.3484      0             -3319.718       1016055        2703.2497    
    183000   3124.7633     -3542.8314      0             -3336.4348      945281.82      2714.0372    
    184000   3143.3024     -3533.4655      0             -3325.8443      955022.5       2712.0397    
    185000   3269.5929     -3556.6976      0             -3340.7346      907044.19      2738.3388    
    186000   3182.8931     -3531.3834      0             -3321.1471      1069804.1      2698.013     
    187000   3102.7064     -3542.4778      0             -3337.5381      977462.79      2697.4304    
    188000   3118.0303     -3522.4583      0             -3316.5064      1021038.3      2689.9632    
    189000   3104.5957     -3531.5526      0             -3326.488       1074564.4      2693.4486    
    190000   3081.9497     -3512.4718      0             -3308.903       1076143.7      2689.9804    
    191000   3283.4926     -3530.295       0             -3313.414       1056133.3      2689.4028    
    192000   3347.0672     -3517.4348      0             -3296.3545      1063815.7      2669.7028    
    193000   3253.5589     -3537.6526      0             -3322.7487      1106266.6      2706.6949    
    194000   3162.155      -3534.4647      0             -3325.5983      926428.54      2711.0199    
    195000   3184.5317     -3546.1839      0             -3335.8394      997545.69      2726.3333    
    196000   3134.7978     -3528.6443      0             -3321.5849      996522.25      2701.1748    
    197000   3276.5632     -3542.2057      0             -3325.7824      1011811.7      2704.9083    
    198000   3236.7882     -3534.624       0             -3320.8279      1005761.3      2692.7694    
    199000   3177.3774     -3535.0688      0             -3325.1968      1091343        2690.5717    
    200000   3213.6282     -3543.7957      0             -3331.5293      953358.45      2724.8884    
    200001   3173.9322     -3540.4185      0             -3330.7742      998427.22      2724.9758    
Loop time of 32.5166 on 1 procs for 100000 steps with 512 atoms

Performance: 265.711 ns/day, 0.090 hours/ns, 3075.355 timesteps/s, 1.575 Matom-step/s
101.7% CPU use with 1 MPI tasks x 1 OpenMP threads

MPI task timing breakdown:
Section |  min time  |  avg time  |  max time  |%varavg| %total
---------------------------------------------------------------
Pair    | 31.243     | 31.243     | 31.243     |   0.0 | 96.08
Neigh   | 0.036772   | 0.036772   | 0.036772   |   0.0 |  0.11
Comm    | 0.23993    | 0.23993    | 0.23993    |   0.0 |  0.74
Output  | 0.030538   | 0.030538   | 0.030538   |   0.0 |  0.09
Modify  | 0.87265    | 0.87265    | 0.87265    |   0.0 |  2.68
Other   |            | 0.0935     |            |       |  0.29

Nlocal:            512 ave         512 max         512 min
Histogram: 1 0 0 0 0 0 0 0 0 0
Nghost:           1599 ave        1599 max        1599 min
Histogram: 1 0 0 0 0 0 0 0 0 0
Neighs:              0 ave           0 max           0 min
Histogram: 1 0 0 0 0 0 0 0 0 0
FullNghs:        25964 ave       25964 max       25964 min
Histogram: 1 0 0 0 0 0 0 0 0 0

Total # of neighbors = 25964
Ave neighs/atom = 50.710938
Neighbor list builds = 89
Dangerous builds = 0

write_data  structure/graphite_${T}K_${P}bar.lmp
write_data  structure/graphite_3000K_${P}bar.lmp
write_data  structure/graphite_3000K_1000000bar.lmp
System init for write_data ...
Total wall time: 0:01:05
