dump        1 all custom 1000 results_unbiased/graphite_${T}K_${P}bar.traj element x y z id
dump        1 all custom 1000 results_unbiased/graphite_3050K_${P}bar.traj element x y z id
dump        1 all custom 1000 results_unbiased/graphite_3050K_1000000bar.traj element x y z id
dump_modify 1 element C

run         100000
Per MPI rank memory allocation (min/avg/max) = 3.13 | 3.13 | 3.13 Mbytes
   Step          Temp          E_pair         E_mol          TotEng         Press          Volume    
    100001   3115.117      -3519.1035      0             -3313.344       952109.79      2726.6735    
    101000   3257.3794     -3531.6576      0             -3316.5014      991112.18      2702.0504    
    102000   3171.3583     -3530.3272      0             -3320.8528      930316.78      2722.8119    
    103000   3319.5203     -3527.1673      0             -3307.9066      981466.15      2688.7076    
    104000   3132.8165     -3536.2448      0             -3329.3162      983049.16      2718.9288    
    105000   3254.7336     -3529.5766      0             -3314.5951      970706.43      2705.8949    
    106000   3070.6999     -3514.1248      0             -3311.2991      952971.55      2705.4353    
    107000   3161.6788     -3516.1196      0             -3307.2846      1008452.1      2692.0865    
    108000   3204.0091     -3512.9389      0             -3301.3079      1104653.8      2680.529     
    109000   3102.6323     -3506.3864      0             -3301.4515      1055990        2682.2853    
    110000   3332.0893     -3525.4272      0             -3305.3362      978179.75      2707.4339    
    111000   3301.5482     -3521.6849      0             -3303.6113      1102966.5      2675.2605    
    112000   3271.0954     -3520.0004      0             -3303.9382      1053468.9      2691.0031    
    113000   3299.2242     -3530.1622      0             -3312.242       954126.19      2709.1893    
    114000   3247.6715     -3522.3824      0             -3307.8675      1069249.2      2692.8478    
    115000   3192.3101     -3510.3729      0             -3299.5147      1017096.6      2692.403     
    116000   3198.0392     -3516.0955      0             -3304.8588      1011087.6      2696.9947    
    117000   3149.5001     -3523.1122      0             -3315.0817      988251.6       2704.0239    
    118000   3260.9873     -3525.5257      0             -3310.1311      1032385.9      2702.4624    
    119000   3272.7982     -3520.3548      0             -3304.1801      994128.11      2686.6418    
    120000   3208.694      -3533.5687      0             -3321.6283      986676.27      2728.2678    
    121000   3293.7852     -3528.9274      0             -3311.3666      1021243.4      2694.3383    
    122000   3202.5042     -3520.2282      0             -3308.6966      1019343.1      2696.3572    
    123000   3343.4053     -3541.1326      0             -3320.2943      1050051.6      2703.7483    
    124000   3312.0035     -3530.6379      0             -3311.8736      934054.22      2696.803     
    125000   3421.7072     -3545.9208      0             -3319.9105      965904.25      2719.2611    
    126000   3184.3711     -3518.6796      0             -3308.3458      1101362.6      2692.3632    
    127000   3203.7583     -3528.2135      0             -3316.599       1034687.4      2700.8273    
    128000   3386.1988     -3530.2699      0             -3306.6049      976097.97      2696.2898    
    129000   3411.8096     -3534.048       0             -3308.6914      1130778.1      2682.6066    
    130000   3289.5975     -3523.5973      0             -3306.313       1026544.9      2691.5425    
    131000   3212.1532     -3508.3174      0             -3296.1485      937536.72      2688.5629    
    132000   3173.0023     -3524.1425      0             -3314.5596      1008530.5      2708.9466    
    133000   3265.1244     -3531.9654      0             -3316.2976      965593.29      2717.5415    
    134000   3101.9431     -3533.907       0             -3329.0177      914373.17      2713.8771    
    135000   3136.4223     -3530.3435      0             -3323.1767      917927.05      2723.3836    
    136000   3262.1157     -3517.2588      0             -3301.7898      968826.45      2687.8445    
    137000   3163.3243     -3522.8278      0             -3313.8841      996163.26      2693.98      
    138000   3192.251      -3521.5219      0             -3310.6675      1055334.5      2711.489     
    139000   3292.004      -3533.1775      0             -3315.7342      974116.75      2695.2483    
    140000   3405.6419     -3527.1512      0             -3302.202       976612.92      2693.6799    
    141000   3394.9759     -3532.1569      0             -3307.9121      1026926.9      2702.5572    
    142000   3255.7958     -3524.0156      0             -3308.964       945199.94      2701.0959    
    143000   3363.6218     -3531.9725      0             -3309.7988      931809.97      2712.0056    
    144000   3255.6619     -3533.8339      0             -3318.7911      954316.22      2702.5472    
    145000   3216.1942     -3532.9046      0             -3320.4687      989514.54      2709.2935    
    146000   3287.3995     -3528.8342      0             -3311.6951      891335.73      2705.7925    
    147000   3444.5109     -3526.9502      0             -3299.4336      1080106.9      2682.3343    
    148000   3271.5916     -3514.9931      0             -3298.8982      1045879.5      2688.102     
    149000   3389.2603     -3525.4863      0             -3301.6191      941432.41      2696.1852    
    150000   3181.7055     -3529.4424      0             -3319.2846      1005564.9      2713.4752    
    151000   3107.2302     -3520.5682      0             -3315.3297      1025657.7      2691.9107    
    152000   3170.2003     -3515.7115      0             -3306.3136      982992.51      2687.8247    
    153000   3269.301      -3512.7333      0             -3296.7896      1050831.7      2691.1327    
    154000   3167.3487     -3531.0654      0             -3321.8559      1057103.3      2709.1028    
    155000   3182.0091     -3518.7698      0             -3308.592       983364.9       2701.0478    
    156000   3291.0093     -3517.2457      0             -3299.8682      986599.09      2685.0069    
    157000   3359.4499     -3530.8682      0             -3308.9701      983513.79      2695.1697    
    158000   3370.1468     -3515.7084      0             -3293.1036      1034661.3      2671.4996    
    159000   3252.9837     -3508.5486      0             -3293.6827      1042437.6      2670.9164    
    160000   3146.4549     -3520.2229      0             -3312.3935      1076350        2691.4405    
    161000   3238.5171     -3540.1711      0             -3326.2608      945668.08      2714.2462    
    162000   3337.3988     -3541.7623      0             -3321.3206      959821.21      2719.6302    
    163000   3357.4765     -3539.9147      0             -3318.1469      889837.27      2716.1493    
    164000   3339.9238     -3534.2811      0             -3313.6727      1037945.6      2703.4848    
    165000   3273.789      -3519.0588      0             -3302.8187      935519.92      2692.3032    
    166000   3140.3829     -3519.7348      0             -3312.3064      1013619.1      2695.8485    
    167000   3364.3882     -3530.44        0             -3308.2157      994285.84      2700.9935    
    168000   3382.3428     -3539.4602      0             -3316.0499      955354.75      2713.3166    
    169000   3255.6319     -3520.9377      0             -3305.8969      995732.09      2704.626     
    170000   3197.7396     -3526.065       0             -3314.8481      954619.7       2692.2225    
    171000   3214.0248     -3530.3558      0             -3318.0633      977583.8       2711.2281    
    172000   3240.8165     -3517.2965      0             -3303.2343      1008453.8      2694.1139    
    173000   3173.2394     -3510.106       0             -3300.5074      1046996.1      2704.4276    
    174000   3153.1379     -3517.5156      0             -3309.2447      1009970.7      2700.9203    
    175000   3399.0575     -3504.7963      0             -3280.282       1121777.3      2680.9504    
    176000   3276.5462     -3515.7913      0             -3299.3691      1032795.3      2693.3529    
    177000   3280.3876     -3517.303       0             -3300.627       1036331.2      2711.5171    
    178000   3196.4382     -3519.8217      0             -3308.6908      954403.91      2705.2575    
    179000   3436.5281     -3519.9694      0             -3292.9801      1098254.4      2684.0105    
    180000   3254.4144     -3516.6927      0             -3301.7323      1059854.8      2692.6822    
    181000   3205.4841     -3518.9492      0             -3307.2208      1131112.8      2694.2997    
    182000   3279.2693     -3512.637       0             -3296.0349      1115060.6      2696.2027    
    183000   3210.3441     -3519.8893      0             -3307.8399      1089934.2      2710.6081    
    184000   3294.3859     -3532.5276      0             -3314.927       925641.37      2717.5608    
    185000   3239.6539     -3519.3281      0             -3305.3427      930775.01      2720.3494    
    186000   3160.8327     -3511.863       0             -3303.0839      995038.05      2703.0538    
    187000   3216.1923     -3511.2759      0             -3298.8402      1068273.9      2685.2834    
    188000   3217.6295     -3517.4474      0             -3304.9168      1070616.5      2697.2315    
    189000   3144.9623     -3522.0172      0             -3314.2864      916771.28      2726.2975    
    190000   3264.1634     -3521.2571      0             -3305.6527      1072637.4      2711.4573    
    191000   3366.8603     -3517.6247      0             -3295.2371      1035296.1      2691.718     
    192000   3160.9982     -3505.5433      0             -3296.7533      1014493.5      2684.0223    
    193000   3330.7179     -3516.2469      0             -3296.2466      1099897.6      2687.251     
    194000   3167.8566     -3517.116       0             -3307.8729      906317.64      2694.7339    
    195000   3304.6552     -3515.1994      0             -3296.9206      1077262.3      2692.8691    
    196000   3066.1466     -3512.8327      0             -3310.3078      1004528.1      2705.2909    
    197000   3296.9307     -3527.6844      0             -3309.9157      1032322.4      2714.853     
    198000   3175.8196     -3533.2956      0             -3323.5266      1021534.6      2721.0333    
    199000   3281.9042     -3539.1215      0             -3322.3454      897557.83      2720.0067    
    200000   3114.3361     -3520.3327      0             -3314.6248      910317.52      2724.9206    
    200001   3136.6047     -3522.5235      0             -3315.3447      906260.45      2724.7323    
Loop time of 33.9764 on 1 procs for 100000 steps with 512 atoms

Performance: 254.294 ns/day, 0.094 hours/ns, 2943.221 timesteps/s, 1.507 Matom-step/s
101.5% CPU use with 1 MPI tasks x 1 OpenMP threads

MPI task timing breakdown:
Section |  min time  |  avg time  |  max time  |%varavg| %total
---------------------------------------------------------------
Pair    | 32.545     | 32.545     | 32.545     |   0.0 | 95.79
Neigh   | 0.11852    | 0.11852    | 0.11852    |   0.0 |  0.35
Comm    | 0.25882    | 0.25882    | 0.25882    |   0.0 |  0.76
Output  | 0.026859   | 0.026859   | 0.026859   |   0.0 |  0.08
Modify  | 0.92208    | 0.92208    | 0.92208    |   0.0 |  2.71
Other   |            | 0.105      |            |       |  0.31

Nlocal:            512 ave         512 max         512 min
Histogram: 1 0 0 0 0 0 0 0 0 0
Nghost:           1630 ave        1630 max        1630 min
Histogram: 1 0 0 0 0 0 0 0 0 0
Neighs:              0 ave           0 max           0 min
Histogram: 1 0 0 0 0 0 0 0 0 0
FullNghs:        25916 ave       25916 max       25916 min
Histogram: 1 0 0 0 0 0 0 0 0 0

Total # of neighbors = 25916
Ave neighs/atom = 50.617188
Neighbor list builds = 271
Dangerous builds = 0

write_data  structure/graphite_${T}K_${P}bar.lmp
write_data  structure/graphite_3050K_${P}bar.lmp
write_data  structure/graphite_3050K_1000000bar.lmp
System init for write_data ...
Total wall time: 0:01:06
