dump        1 all custom 1000 results_unbiased/graphite_${T}K_${P}bar.traj element x y z id
dump        1 all custom 1000 results_unbiased/graphite_3250K_${P}bar.traj element x y z id
dump        1 all custom 1000 results_unbiased/graphite_3250K_1000000bar.traj element x y z id
dump_modify 1 element C

run         100000
Per MPI rank memory allocation (min/avg/max) = 3.13 | 3.13 | 3.13 Mbytes
   Step          Temp          E_pair         E_mol          TotEng         Press          Volume    
    100001   3313.8757     -3503.0589      0             -3284.1711      954226.45      2726.2489    
    101000   3367.7561     -3507.6573      0             -3285.2105      981344.8       2726.1978    
    102000   3528.1108     -3499.4951      0             -3266.4566      995147.49      2702.979     
    103000   3500.228      -3494.523       0             -3263.3262      997804.93      2712.1173    
    104000   3415.846      -3502.3447      0             -3276.7215      955814.87      2718.5398    
    105000   3268.8129     -3494.9076      0             -3278.9962      1001189.2      2716.3571    
    106000   3662.9624     -3503.0673      0             -3261.1216      931966.28      2699.4731    
    107000   3480.2519     -3516.6247      0             -3286.7473      955617.86      2730.8409    
    108000   3649.7245     -3519.5474      0             -3278.476       996624.5       2703.7351    
    109000   3507.596      -3483.9602      0             -3252.2767      1008705.7      2676.7493    
    110000   3568.3964     -3511.934       0             -3276.2345      969973.57      2716.4346    
    111000   3395.7449     -3502.738       0             -3278.4425      1022994.7      2710.4162    
    112000   3682.04       -3501.0488      0             -3257.8429      966988.39      2693.3935    
    113000   3553.3477     -3501.7646      0             -3267.0591      1021475.5      2695.1382    
    114000   3348.0944     -3492.8274      0             -3271.6793      1088070.6      2712.2085    
    115000   3293.6888     -3485.8854      0             -3268.3309      992269.81      2687.9874    
    116000   3449.041      -3497.7449      0             -3269.929       1023680.8      2708.9289    
    117000   3215.5793     -3498.8113      0             -3286.4161      969255.57      2727.197     
    118000   3414.8281     -3497.5434      0             -3271.9874      985536.77      2726.2812    
    119000   3452.4742     -3498.0958      0             -3270.0532      983999.45      2709.0065    
    120000   3494.4968     -3499.1244      0             -3268.3062      992016.31      2707.1335    
    121000   3411.3644     -3508.9385      0             -3283.6113      915034.81      2732.3611    
    122000   3472.3015     -3504.3358      0             -3274.9836      975537.05      2721.1233    
    123000   3513.8846     -3501.4878      0             -3269.3889      986551.08      2713.422     
    124000   3440.5232     -3472.702       0             -3245.4487      1099419.6      2689.2064    
    125000   3516.5811     -3499.1106      0             -3266.8336      1025194.3      2714.6513    
    126000   3163.2697     -3489.396       0             -3280.4559      1001718.1      2720.1573    
    127000   3265.4603     -3486.4629      0             -3270.7729      932295.33      2718.9118    
    128000   3489.4762     -3509.7315      0             -3279.2449      994461.59      2724.4962    
    129000   3494.0686     -3499.5112      0             -3268.7213      1006221.9      2714.0016    
    130000   3387.4505     -3480.4269      0             -3256.6793      1084532.6      2702.6882    
    131000   3422.0589     -3512.7441      0             -3286.7105      940271.3       2724.5538    
    132000   3493.1852     -3499.8376      0             -3269.1059      993968.77      2716.067     
    133000   3395.8705     -3507.6829      0             -3283.379       945424.28      2729.1362    
    134000   3414.9909     -3504.2399      0             -3278.6731      877224.37      2722.4644    
    135000   3468.7935     -3479.6857      0             -3250.5652      1117298.4      2675.8728    
    136000   3478.1382     -3493.8968      0             -3264.1591      998036.96      2719.9804    
    137000   3413.7302     -3500.3216      0             -3274.8381      889723.65      2722.6481    
    138000   3419.0946     -3487.4871      0             -3261.6492      1004145.7      2686.3365    
    139000   3520.973      -3508.8185      0             -3276.2514      1038612.3      2725.0955    
    140000   3388.847      -3490.6539      0             -3266.814       980857.52      2719.9131    
    141000   3433.808      -3486.274       0             -3259.4644      1094323.9      2702.7564    
    142000   3499.0268     -3497.0128      0             -3265.8953      1124074.3      2694.2366    
    143000   3394.2593     -3486.5672      0             -3262.3698      1040539.6      2714.1367    
    144000   3386.6234     -3497.3675      0             -3273.6745      962332.23      2723.0196    
    145000   3383.3672     -3496.4607      0             -3272.9827      1099370.2      2707.9615    
    146000   3516.1458     -3480.3141      0             -3248.0659      1097163.4      2683.1171    
    147000   3438.101      -3505.1257      0             -3278.0325      975658.32      2700.4111    
    148000   3556.7259     -3506.1078      0             -3271.1792      978664.69      2706.6924    
    149000   3408.4294     -3496.7981      0             -3271.6648      989484.83      2707.8754    
    150000   3386.1079     -3498.4353      0             -3274.7763      977278.04      2699.3123    
    151000   3551.8384     -3495.4409      0             -3260.8351      1064002.1      2687.3698    
    152000   3414.9431     -3503.7783      0             -3278.2147      979456.59      2717.1996    
    153000   3361.6195     -3493.8759      0             -3271.8344      1046592.7      2712.3967    
    154000   3321.4212     -3506.1476      0             -3286.7613      945953.85      2713.2884    
    155000   3580.5556     -3502.0118      0             -3265.5092      956379.74      2716.312     
    156000   3459.1959     -3504.955       0             -3276.4684      928313.05      2725.8716    
    157000   3282.5698     -3488.7028      0             -3271.8827      994438.35      2700.1843    
    158000   3484.621      -3483.9107      0             -3253.7447      982714.01      2700.2237    
    159000   3384.5173     -3504.2015      0             -3280.6476      962873.37      2726.73      
    160000   3243.2208     -3497.5         0             -3283.279       925173.44      2731.3405    
    161000   3433.4646     -3503.7853      0             -3276.9983      1024642.3      2708.3928    
    162000   3470.7474     -3488.503       0             -3259.2534      943959.34      2701.7813    
    163000   3433.2561     -3493.523       0             -3266.7498      981698.85      2706.2108    
    164000   3433.0069     -3499.0261      0             -3272.2693      1014026.1      2706.5859    
    165000   3527.7119     -3505.2428      0             -3272.2307      991861.63      2703.0565    
    166000   3452.0999     -3495.3519      0             -3267.334       1025747.9      2713.6878    
    167000   3435.702      -3491.16        0             -3264.2253      1022345        2700.1488    
    168000   3252.4537     -3484.6325      0             -3269.8017      1000397.6      2715.569     
    169000   3407.3624     -3498.9353      0             -3273.8724      955758.07      2715.8761    
    170000   3465.2447     -3494.9931      0             -3266.107       949081.58      2716.1685    
    171000   3518.4952     -3482.2819      0             -3249.8785      1116322.8      2710.479     
    172000   3396.4416     -3479.4783      0             -3255.1368      1118674.5      2688.4454    
    173000   3501.9134     -3503.6026      0             -3272.2945      1034017.6      2719.8737    
    174000   3280.4062     -3492.3313      0             -3275.6541      948836.88      2724.5525    
    175000   3416.8997     -3486.436       0             -3260.7432      984997.6       2685.0034    
    176000   3460.8322     -3489.7569      0             -3261.1623      1048511.8      2702.1719    
    177000   3435.4616     -3501.773       0             -3274.8542      905928.8       2734.4654    
    178000   3342.6149     -3497.3561      0             -3276.5699      1076002.5      2706.5879    
    179000   3416.4535     -3512.2339      0             -3286.5705      884773.86      2726.2542    
    180000   3413.0645     -3500.0184      0             -3274.5789      929418.37      2722.0282    
    181000   3544.1918     -3499.3479      0             -3265.2472      970685.41      2709.1714    
    182000   3471.4785     -3502.1314      0             -3272.8335      981309.67      2697.4075    
    183000   3350.6221     -3496.6244      0             -3275.3093      906177.21      2725.6082    
    184000   3355.0534     -3486.4297      0             -3264.8219      1018710        2697.1786    
    185000   3312.252      -3480.6283      0             -3261.8477      1041572.3      2701.7946    
    186000   3432.682      -3499.568       0             -3272.8327      966430.98      2713.2668    
    187000   3515.0156     -3485.7423      0             -3253.5688      1063553.3      2684.0969    
    188000   3475.276      -3489.7356      0             -3260.1869      1065950.3      2701.0844    
    189000   3368.6983     -3506.0524      0             -3283.5434      926336.23      2721.2206    
    190000   3516.4903     -3507.086       0             -3274.815       975510.86      2717.8705    
    191000   3572.9968     -3490.6407      0             -3254.6374      1063291.2      2677.9449    
    192000   3414.7689     -3494.6466      0             -3269.0945      986094.46      2717.3364    
    193000   3424.402      -3489.0952      0             -3262.9068      1022327.7      2708.1585    
    194000   3461.896      -3487.1674      0             -3258.5024      1046088.3      2704.1957    
    195000   3339.7286     -3493.3903      0             -3272.7947      1034324.5      2701.9012    
    196000   3534.551      -3502.2374      0             -3268.7734      1031896.2      2727.2019    
    197000   3642.3789     -3510.0002      0             -3269.414       1046495.9      2697.5511    
    198000   3447.6677     -3501.3991      0             -3273.674       1014005.4      2698.0236    
    199000   3597.3464     -3507.2226      0             -3269.6109      1012334.8      2700.9781    
    200000   3533.9986     -3512.1139      0             -3278.6865      911690.67      2717.4834    
    200001   3510.1433     -3509.3747      0             -3277.523       970760.32      2717.3536    
Loop time of 32.3471 on 1 procs for 100000 steps with 512 atoms

Performance: 267.103 ns/day, 0.090 hours/ns, 3091.471 timesteps/s, 1.583 Matom-step/s
101.4% CPU use with 1 MPI tasks x 1 OpenMP threads

MPI task timing breakdown:
Section |  min time  |  avg time  |  max time  |%varavg| %total
---------------------------------------------------------------
Pair    | 30.997     | 30.997     | 30.997     |   0.0 | 95.83
Neigh   | 0.096535   | 0.096535   | 0.096535   |   0.0 |  0.30
Comm    | 0.24886    | 0.24886    | 0.24886    |   0.0 |  0.77
Output  | 0.026006   | 0.026006   | 0.026006   |   0.0 |  0.08
Modify  | 0.88236    | 0.88236    | 0.88236    |   0.0 |  2.73
Other   |            | 0.09639    |            |       |  0.30

Nlocal:            512 ave         512 max         512 min
Histogram: 1 0 0 0 0 0 0 0 0 0
Nghost:           1574 ave        1574 max        1574 min
Histogram: 1 0 0 0 0 0 0 0 0 0
Neighs:              0 ave           0 max           0 min
Histogram: 1 0 0 0 0 0 0 0 0 0
FullNghs:        25636 ave       25636 max       25636 min
Histogram: 1 0 0 0 0 0 0 0 0 0

Total # of neighbors = 25636
Ave neighs/atom = 50.070312
Neighbor list builds = 248
Dangerous builds = 0

write_data  structure/graphite_${T}K_${P}bar.lmp
write_data  structure/graphite_3250K_${P}bar.lmp
write_data  structure/graphite_3250K_1000000bar.lmp
System init for write_data ...
Total wall time: 0:01:04
