dump        1 all custom 1000 results_unbiased/Si_${T2}K_${P}bar_nvt.traj element x y z id
dump        1 all custom 1000 results_unbiased/Si_1200K_${P}bar_nvt.traj element x y z id
dump        1 all custom 1000 results_unbiased/Si_1200K_0bar_nvt.traj element x y z id
dump_modify 1 element Si
run         100000
Per MPI rank memory allocation (min/avg/max) = 3.132 | 3.132 | 3.132 Mbytes
   Step          Temp          E_pair         E_mol          TotEng         Press     
   1600001   1180.1873     -2010.5854      0             -1932.6318     -19879.044    
   1601000   1223.5696     -2012.7541      0             -1931.935      -16952.15     
   1602000   1236.2835     -2011.8337      0             -1930.1748     -16291.411    
   1603000   1161.5759     -2006.2222      0             -1929.4979     -19942.749    
   1604000   1224.7669     -2008.9458      0             -1928.0476     -18879.301    
   1605000   1124.9098     -2007.2625      0             -1932.9601     -18600.449    
   1606000   1264.0369     -2015.8468      0             -1932.3547     -13884.045    
   1607000   1178.1482     -2010.1453      0             -1932.3263     -22531.024    
   1608000   1171.8216     -2009.5966      0             -1932.1956     -20125.55     
   1609000   1184.9878     -2010.8263      0             -1932.5555     -22608.735    
   1610000   1184.7264     -2009.3661      0             -1931.1126     -18849.285    
   1611000   1200.4871     -2004.6142      0             -1925.3197     -27369.522    
   1612000   1221.2354     -2008.6454      0             -1927.9805     -16407.576    
   1613000   1324.1387     -2003.6028      0             -1916.1409     -22326.497    
   1614000   1205.4993     -2009.0446      0             -1929.419      -18703.638    
   1615000   1120.0735     -2009.9489      0             -1935.9659     -18504.018    
   1616000   1158.2746     -2009.3298      0             -1932.8235     -16250.106    
   1617000   1227.6862     -2005.8847      0             -1924.7936     -15045.49     
   1618000   1222.8234     -2010.4863      0             -1929.7164     -20725.16     
   1619000   1278.3713     -2010.234       0             -1925.7951     -25476.166    
   1620000   1239.0382     -2012.1248      0             -1930.2839     -20060.965    
   1621000   1238.5401     -2007.864       0             -1926.056      -18565.5      
   1622000   1229.455      -2014.1621      0             -1932.9542     -19625.242    
   1623000   1186.3501     -2014.2711      0             -1935.9103     -20243.046    
   1624000   1298.5155     -2011.8647      0             -1926.0953     -23951.378    
   1625000   1181.7956     -2010.2429      0             -1932.183      -14647.311    
   1626000   1263.4126     -2011.6925      0             -1928.2416     -19892.796    
   1627000   1222.3834     -2009.9547      0             -1929.2139     -19108.417    
   1628000   1243.2276     -2012.8963      0             -1930.7787     -17979.017    
   1629000   1133.9457     -2008.2946      0             -1933.3953     -15494.004    
   1630000   1216.3651     -2004.703       0             -1924.3597     -18605.644    
   1631000   1205.1707     -2004.5796      0             -1924.9757     -22376.593    
   1632000   1196.4713     -2014.7685      0             -1935.7393     -21565.276    
   1633000   1252.0673     -2011.5941      0             -1928.8926     -22799.047    
   1634000   1228.2219     -2017.0294      0             -1935.9029     -20888.788    
   1635000   1160.6967     -2010.0524      0             -1933.3862     -22518.701    
   1636000   1158.4589     -2010.4176      0             -1933.8991     -19926.411    
   1637000   1187.8969     -2018.3906      0             -1939.9277     -12861.87     
   1638000   1240.2225     -2016.0051      0             -1934.086      -10299.095    
   1639000   1112.5688     -2017.3068      0             -1943.8195     -11100.456    
   1640000   1217.9241     -2015.193       0             -1934.7468     -16845.679    
   1641000   1161.1233     -2016.1007      0             -1939.4062     -18741.525    
   1642000   1175.579      -2008.5841      0             -1930.9349     -24057.865    
   1643000   1219.449      -2014.0386      0             -1933.4916     -20137.652    
   1644000   1269.0792     -2010.0307      0             -1926.2055     -24398.66     
   1645000   1208.937      -2019.258       0             -1939.4053     -23190.178    
   1646000   1209.4072     -2011.4019      0             -1931.5182     -22895.656    
   1647000   1263.2167     -2014.2099      0             -1930.772      -27044.133    
   1648000   1244.5831     -2014.4265      0             -1932.2194     -20640.62     
   1649000   1152.8673     -2014.756       0             -1938.6068     -13194.916    
   1650000   1148.1595     -2008.3508      0             -1932.5126     -16652.883    
   1651000   1186.8199     -2018.7408      0             -1940.349      -19511.328    
   1652000   1215.1582     -2012.6627      0             -1932.3992     -13741.896    
   1653000   1191.508      -2012.9699      0             -1934.2685     -18522.63     
   1654000   1166.4025     -2009.3873      0             -1932.3441     -25623.997    
   1655000   1269.8178     -2011.9896      0             -1928.1157     -9215.4335    
   1656000   1161.614      -2011.6294      0             -1934.9026     -18362.59     
   1657000   1263.6049     -2019.6898      0             -1936.2262     -11745.25     
   1658000   1196.1024     -2013.2875      0             -1934.2826     -10874.188    
   1659000   1213.1759     -2015.1937      0             -1935.0611     -9404.8438    
   1660000   1174.5905     -2011.9251      0             -1934.3411     -13930.97     
   1661000   1210.089      -2019.0216      0             -1939.0929     -13537.361    
   1662000   1125.8424     -2016.8074      0             -1942.4433     -15405.512    
   1663000   1130.184      -2015.3594      0             -1940.7086     -21004.401    
   1664000   1174.1937     -2019.4173      0             -1941.8595     -12996.566    
   1665000   1210.5599     -2018.719       0             -1938.7592     -15711.978    
   1666000   1226.2784     -2011.8768      0             -1930.8788     -13492.682    
   1667000   1200.4899     -2022.1615      0             -1942.8668     -16656.503    
   1668000   1221.5472     -2015.2782      0             -1934.5926     -17958.88     
   1669000   1140.4867     -2022.2639      0             -1946.9325     -15005.913    
   1670000   1196.9818     -2016.8291      0             -1937.7661     -11957.889    
   1671000   1207.8486     -2026.2809      0             -1946.5002     -20243.522    
   1672000   1185.8561     -2014.7152      0             -1936.3871     -11007.077    
   1673000   1168.9441     -2022.9929      0             -1945.7819     -16540.478    
   1674000   1206.7033     -2023.2604      0             -1943.5553     -12352.894    
   1675000   1193.4686     -2014.8798      0             -1936.0489     -18586.034    
   1676000   1146.3704     -2017.6524      0             -1941.9324     -11897.37     
   1677000   1178.4794     -2019.1977      0             -1941.3569     -14439.734    
   1678000   1208.3583     -2015.5734      0             -1935.759      -17019.911    
   1679000   1257.0784     -2015.6511      0             -1932.6186     -9597.9989    
   1680000   1264.969      -2012.6702      0             -1929.1165     -19352.438    
   1681000   1186.6715     -2011.4576      0             -1933.0756     -17787.566    
   1682000   1203.6336     -2017.4905      0             -1937.9882     -15458.119    
   1683000   1231.37       -2021.0739      0             -1939.7395     -15813.631    
   1684000   1263.31       -2017.5581      0             -1934.1141     -7559.0265    
   1685000   1207.6869     -2021.1925      0             -1941.4224     -11264.467    
   1686000   1230.22       -2020.2283      0             -1938.9699     -15076.65     
   1687000   1185.5992     -2023.3171      0             -1945.006      -10184.432    
   1688000   1196.1282     -2016.0261      0             -1937.0195     -11824.653    
   1689000   1243.4751     -2024.3568      0             -1942.2228     -13885.364    
   1690000   1294.1122     -2025.9606      0             -1940.4819     -9796.4239    
   1691000   1271.1854     -2020.7537      0             -1936.7895     -11161.226    
   1692000   1203.2454     -2023.0906      0             -1943.6139     -12608.914    
   1693000   1225.9445     -2016.7461      0             -1935.7701     -14394.015    
   1694000   1166.4109     -2018.7859      0             -1941.7422     -10806.868    
   1695000   1148.8298     -2021.4538      0             -1945.5714     -17084.187    
   1696000   1221.4118     -2021.0346      0             -1940.358      -10839.164    
   1697000   1217.9013     -2008.3786      0             -1927.9339     -11368.55     
   1698000   1230.8832     -2014.3379      0             -1933.0357     -15884.273    
   1699000   1186.563      -2014.7869      0             -1936.4121     -16930.591    
   1700000   1268.0376     -2012.8362      0             -1929.0799     -14734.179    
   1700001   1272.8895     -2013.1944      0             -1929.1176     -14647.642    
Loop time of 51.7243 on 1 procs for 100000 steps with 512 atoms

Performance: 167.039 ns/day, 0.144 hours/ns, 1933.327 timesteps/s, 989.863 katom-step/s
99.9% CPU use with 1 MPI tasks x 1 OpenMP threads

MPI task timing breakdown:
Section |  min time  |  avg time  |  max time  |%varavg| %total
---------------------------------------------------------------
Pair    | 50.342     | 50.342     | 50.342     |   0.0 | 97.33
Neigh   | 0.67599    | 0.67599    | 0.67599    |   0.0 |  1.31
Comm    | 0.2278     | 0.2278     | 0.2278     |   0.0 |  0.44
Output  | 0.03165    | 0.03165    | 0.03165    |   0.0 |  0.06
Modify  | 0.34943    | 0.34943    | 0.34943    |   0.0 |  0.68
Other   |            | 0.09769    |            |       |  0.19

Nlocal:            512 ave         512 max         512 min
Histogram: 1 0 0 0 0 0 0 0 0 0
Nghost:           1303 ave        1303 max        1303 min
Histogram: 1 0 0 0 0 0 0 0 0 0
Neighs:              0 ave           0 max           0 min
Histogram: 1 0 0 0 0 0 0 0 0 0
FullNghs:        19446 ave       19446 max       19446 min
Histogram: 1 0 0 0 0 0 0 0 0 0

Total # of neighbors = 19446
Ave neighs/atom = 37.980469
Neighbor list builds = 1347
Dangerous builds = 0

write_data  structure/Si_${T2}K_${P}bar_nvt.lmp
write_data  structure/Si_1200K_${P}bar_nvt.lmp
write_data  structure/Si_1200K_0bar_nvt.lmp
System init for write_data ...
Total wall time: 0:15:52
