dump        1 all custom 1000 results_unbiased/Si_${T2}K_${P}bar_nvt.traj element x y z id
dump        1 all custom 1000 results_unbiased/Si_1250K_${P}bar_nvt.traj element x y z id
dump        1 all custom 1000 results_unbiased/Si_1250K_0bar_nvt.traj element x y z id
dump_modify 1 element Si
run         100000
Per MPI rank memory allocation (min/avg/max) = 3.132 | 3.132 | 3.132 Mbytes
   Step          Temp          E_pair         E_mol          TotEng         Press     
   1550001   1319.7247     -2011.8571      0             -1924.6867     -15721.253    
   1551000   1190.175      -2013.7534      0             -1935.1401     -21527.9      
   1552000   1264.8608     -2006.7458      0             -1923.1993     -20581.523    
   1553000   1234.8915     -2016.9345      0             -1935.3675     -17333.763    
   1554000   1294.1095     -2015.2865      0             -1929.808      -21028.204    
   1555000   1270.6473     -2007.8012      0             -1923.8725     -14941.316    
   1556000   1249.2009     -2014.1469      0             -1931.6348     -13266.22     
   1557000   1301.3376     -2015.2141      0             -1929.2582     -20699.571    
   1558000   1156.514      -2009.9303      0             -1933.5403     -25121.195    
   1559000   1213.0219     -2015.2526      0             -1935.1301     -22979.766    
   1560000   1235.9961     -2011.1038      0             -1929.4639     -14283.878    
   1561000   1210.9595     -2019.8886      0             -1939.9024     -18863.238    
   1562000   1267.8295     -2010.5761      0             -1926.8335     -21899.181    
   1563000   1254.5874     -2015.1716      0             -1932.3037     -13178.265    
   1564000   1238.7909     -2007.7945      0             -1925.97       -16507.503    
   1565000   1327.0464     -2010.5725      0             -1922.9185     -19312.745    
   1566000   1302.9342     -2013.0526      0             -1926.9912     -20657.811    
   1567000   1171.3987     -2015.8643      0             -1938.4911     -17047.336    
   1568000   1219.1329     -2009.8029      0             -1929.2768     -17598.2      
   1569000   1258.1479     -2020.0836      0             -1936.9805     -15682.069    
   1570000   1312.4978     -2014.7031      0             -1928.0101     -17935.602    
   1571000   1266.87       -2005.232       0             -1921.5528     -20215.822    
   1572000   1290.8143     -2002.9352      0             -1917.6745     -10339.932    
   1573000   1190.8235     -2012.7067      0             -1934.0505     -21513.309    
   1574000   1275.5587     -2010.1235      0             -1925.8704     -16548.191    
   1575000   1226.9786     -2011.5278      0             -1930.4835     -14754.265    
   1576000   1249.2838     -2011.8459      0             -1929.3283     -21225.219    
   1577000   1255.1023     -2007.9916      0             -1925.0897     -19432.619    
   1578000   1228.6004     -2008.1459      0             -1926.9945     -24143.91     
   1579000   1329.6144     -2002.3832      0             -1914.5596     -21355.797    
   1580000   1185.9042     -2002.8995      0             -1924.5682     -22438.14     
   1581000   1199.7701     -2003.3335      0             -1924.0864     -24089.615    
   1582000   1217.5782     -1996.8426      0             -1916.4192     -20759.551    
   1583000   1148.8451     -2001.0808      0             -1925.1974     -18900.425    
   1584000   1355.5814     -2003.9278      0             -1914.389      -19989.879    
   1585000   1301.4913     -2001.7777      0             -1915.8117     -18700.505    
   1586000   1273.3315     -1996.6178      0             -1912.5118     -20339.399    
   1587000   1282.5012     -2003.3848      0             -1918.6731     -26849.364    
   1588000   1291.2058     -1998.111       0             -1912.8244     -24077.763    
   1589000   1250.6073     -2002.3198      0             -1919.7148     -19012.798    
   1590000   1225.7626     -2003.6471      0             -1922.6831     -21771.772    
   1591000   1194.6715     -2003.5787      0             -1924.6684     -23258.386    
   1592000   1197.3289     -2005.8078      0             -1926.722      -24916.565    
   1593000   1222.5067     -2002.85        0             -1922.101      -19953.131    
   1594000   1228.3079     -2003.8364      0             -1922.7043     -21878.033    
   1595000   1281.5199     -2004.5928      0             -1919.9459     -25541.282    
   1596000   1256.6778     -1998.8568      0             -1915.8508     -19911.254    
   1597000   1264.8808     -2008.8215      0             -1925.2736     -19495.344    
   1598000   1249.5188     -1999.107       0             -1916.5738     -18160.743    
   1599000   1149.3165     -2004.1073      0             -1928.1927     -13698.944    
   1600000   1243.6322     -2010.0589      0             -1927.9146     -21144.606    
   1601000   1242.3925     -2011.6069      0             -1929.5444     -19174.727    
   1602000   1232.2037     -2003.8597      0             -1922.4703     -21796.587    
   1603000   1181.401      -2008.767       0             -1930.7332     -26881.714    
   1604000   1204.7622     -2002.33        0             -1922.7532     -19755.07     
   1605000   1278.5504     -2006.845       0             -1922.3943     -15375.166    
   1606000   1291.1048     -2010.636       0             -1925.356      -19836.632    
   1607000   1174.6363     -2011.8422      0             -1934.2552     -24533.353    
   1608000   1254.3166     -2014.2509      0             -1931.4008     -21202.699    
   1609000   1303.0218     -2011.7397      0             -1925.6726     -19457.96     
   1610000   1337.7915     -2018.7698      0             -1930.4061     -14199.906    
   1611000   1343.8222     -2013.2692      0             -1924.5071     -12196.96     
   1612000   1253.0792     -2010.8621      0             -1928.0938     -14423.391    
   1613000   1240.4726     -2014.0245      0             -1932.0889     -23343.091    
   1614000   1235.1794     -2005.0882      0             -1923.5022     -19943.731    
   1615000   1243.3213     -2012.066       0             -1929.9422     -15370.918    
   1616000   1307.7477     -2014.364       0             -1927.9847     -9668.4909    
   1617000   1290.8302     -2020.0634      0             -1934.8016     -10520.789    
   1618000   1238.0617     -2010.2506      0             -1928.4743     -12945.517    
   1619000   1198.2388     -2016.0017      0             -1936.8558     -11959.263    
   1620000   1180.5721     -2004.8656      0             -1926.8866     -20976.892    
   1621000   1186.4655     -2010.0105      0             -1931.6422     -11102.758    
   1622000   1244.3897     -2012.1882      0             -1929.9939     -13479.252    
   1623000   1279.3874     -2015.8827      0             -1931.3767     -14410.742    
   1624000   1300.1893     -2012.8889      0             -1927.0089     -18097.971    
   1625000   1258.0394     -2015.3749      0             -1932.279      -15445.511    
   1626000   1274.2928     -2016.5092      0             -1932.3396     -14772.115    
   1627000   1253.7589     -2013.604       0             -1930.7908     -16480.943    
   1628000   1239.5592     -2012.7552      0             -1930.8799     -19854.166    
   1629000   1205.1525     -2006.3169      0             -1926.7142     -22121.177    
   1630000   1214.0628     -2010.6164      0             -1930.4252     -16042.739    
   1631000   1277.1185     -2007.6919      0             -1923.3357     -18314.467    
   1632000   1247.8143     -2009.3779      0             -1926.9573     -17627.577    
   1633000   1198.6243     -2010.0539      0             -1930.8824     -14406.101    
   1634000   1228.9571     -2002.166       0             -1920.991      -20842.336    
   1635000   1190.4534     -2011.6667      0             -1933.0349     -23793.628    
   1636000   1273.6254     -2005.3145      0             -1921.1891     -20961.741    
   1637000   1264.6905     -2010.7892      0             -1927.254      -14789.203    
   1638000   1268.5362     -2017.2961      0             -1933.5068     -17982.506    
   1639000   1229.3256     -2013.0778      0             -1931.8785     -16835.951    
   1640000   1304.7835     -2004.5549      0             -1918.3715     -21078.863    
   1641000   1298.3249     -2012.7699      0             -1927.013      -11400.307    
   1642000   1273.6078     -2004.7859      0             -1920.6616     -21595.73     
   1643000   1310.743      -2010.774       0             -1924.1969     -19460.429    
   1644000   1276.4181     -2010.0794      0             -1925.7696     -16753.892    
   1645000   1304.4747     -2008.4918      0             -1922.3287     -12827.483    
   1646000   1200.5599     -2010.6029      0             -1931.3036     -13736.812    
   1647000   1351.916      -2007.0183      0             -1917.7216     -22331.53     
   1648000   1199.0779     -2005.6429      0             -1926.4414     -19697.704    
   1649000   1313.5831     -2006.2357      0             -1919.471      -17195.191    
   1650000   1249.6775     -2003.4303      0             -1920.8867     -18226.062    
   1650001   1249.3044     -2003.3512      0             -1920.8322     -18059.726    
Loop time of 49.7163 on 1 procs for 100000 steps with 512 atoms

Performance: 173.786 ns/day, 0.138 hours/ns, 2011.414 timesteps/s, 1.030 Matom-step/s
102.1% CPU use with 1 MPI tasks x 1 OpenMP threads

MPI task timing breakdown:
Section |  min time  |  avg time  |  max time  |%varavg| %total
---------------------------------------------------------------
Pair    | 48.273     | 48.273     | 48.273     |   0.0 | 97.10
Neigh   | 0.71473    | 0.71473    | 0.71473    |   0.0 |  1.44
Comm    | 0.24167    | 0.24167    | 0.24167    |   0.0 |  0.49
Output  | 0.028627   | 0.028627   | 0.028627   |   0.0 |  0.06
Modify  | 0.3564     | 0.3564     | 0.3564     |   0.0 |  0.72
Other   |            | 0.1019     |            |       |  0.20

Nlocal:            512 ave         512 max         512 min
Histogram: 1 0 0 0 0 0 0 0 0 0
Nghost:           1325 ave        1325 max        1325 min
Histogram: 1 0 0 0 0 0 0 0 0 0
Neighs:              0 ave           0 max           0 min
Histogram: 1 0 0 0 0 0 0 0 0 0
FullNghs:        19370 ave       19370 max       19370 min
Histogram: 1 0 0 0 0 0 0 0 0 0

Total # of neighbors = 19370
Ave neighs/atom = 37.832031
Neighbor list builds = 1433
Dangerous builds = 0


write_data  structure/Si_${T2}K_${P}bar_nvt.lmp
write_data  structure/Si_1250K_${P}bar_nvt.lmp
write_data  structure/Si_1250K_0bar_nvt.lmp
System init for write_data ...
Total wall time: 0:14:44
