dump        1 all custom 1000 results_unbiased/Cu_half_${T2}K_${P}bar.traj element x y z id
dump        1 all custom 1000 results_unbiased/Cu_half_1000K_${P}bar.traj element x y z id
dump        1 all custom 1000 results_unbiased/Cu_half_1000K_1bar.traj element x y z id
dump_modify 1 element Cu
run         100000
Per MPI rank memory allocation (min/avg/max) = 3.468 | 3.468 | 3.468 Mbytes
   Step          Temp          E_pair         E_mol          TotEng         Press          Volume    
   1200001   964.42519     -1643.3552      0             -1581.149      -7508.2497      6519.6442    
   1201000   969.98775     -1642.6178      0             -1580.0528     -17050.029      6577.3666    
   1202000   937.9681      -1640.6343      0             -1580.1346     -6385.8431      6525.3201    
   1203000   932.27152     -1637.3582      0             -1577.2259      1051.4628      6512.7569    
   1204000   984.06875     -1647.6072      0             -1584.134       1403.3571      6463.6562    
   1205000   997.08708     -1640.1842      0             -1575.8713      927.28004      6501.5541    
   1206000   997.82231     -1646.9955      0             -1582.6352     -822.16314      6474.1418    
   1207000   1059.5703     -1642.9921      0             -1574.649       3336.9604      6473.6851    
   1208000   1061.2425     -1642.8627      0             -1574.4117      6773.7247      6455.2644    
   1209000   1056.2305     -1648.5658      0             -1580.438       6418.0489      6430.0064    
   1210000   980.0282      -1644.5909      0             -1581.3783      5962.1158      6448.9537    
   1211000   1039.2163     -1638.9317      0             -1571.9014     -9164.3259      6557.928     
   1212000   969.13559     -1647.3971      0             -1584.8871     -286.50678      6463.0943    
   1213000   1020.1797     -1643.5108      0             -1577.7084     -2787.7687      6504.967     
   1214000   1025.2107     -1643.1127      0             -1576.9858      4505.9496      6466.0098    
   1215000   1007.0934     -1643.3882      0             -1578.4298      10263.819      6429.6705    
   1216000   960.1686      -1640.8255      0             -1578.8939      9327.0349      6445.3168    
   1217000   990.34567     -1645.4802      0             -1581.6021      5772.9967      6452.963     
   1218000   1007.1293     -1639.52        0             -1574.5594      667.41135      6497.8268    
   1219000   1005.1589     -1643.1992      0             -1578.3657      1205.9988      6484.6202    
   1220000   1025.8674     -1639.5169      0             -1573.3476     -2981.4116      6521.4377    
   1221000   999.38716     -1642.5548      0             -1578.0936     -7738.4628      6532.4683    
   1222000   999.97529     -1643.9436      0             -1579.4444     -10027.745      6542.2217    
   1223000   979.83526     -1644.8602      0             -1581.66       -924.32324      6483.1409    
   1224000   970.84287     -1642.4484      0             -1579.8283      4231.3342      6473.3939    
   1225000   981.82288     -1641.9872      0             -1578.6588      1749.6116      6482.1351    
   1226000   986.20959     -1640.0165      0             -1576.4051      3658.5246      6485.2054    
   1227000   985.49309     -1640.1108      0             -1576.5457      4557.5818      6487.2156    
   1228000   1010.2719     -1642.3983      0             -1577.2349      7964.2783      6455.7397    
   1229000   958.19732     -1642.4731      0             -1580.6686      6405.1739      6456.6718    
   1230000   985.19894     -1645.8948      0             -1582.3486      1037.2265      6470.0975    
   1231000   971.83126     -1636.3109      0             -1573.627       1624.144       6508.4428    
   1232000   989.14592     -1642.9282      0             -1579.1275     -1027.8389      6496.6015    
   1233000   967.37565     -1641.4309      0             -1579.0344      54.394801      6495.697     
   1234000   999.72405     -1643.8316      0             -1579.3486     -7388.3946      6523.3392    
   1235000   935.94474     -1641.191       0             -1580.8218     -4615.1692      6519.0135    
   1236000   977.16098     -1640.0011      0             -1576.9734     -6844.7719      6540.1207    
   1237000   952.82818     -1642.3694      0             -1580.9112     -3359.1852      6505.5095    
   1238000   938.79133     -1643.7016      0             -1583.1488     -739.15315      6489.1092    
   1239000   1017.5662     -1648.1397      0             -1582.5059     -1437.2296      6477.128     
   1240000   1004.8067     -1641.3185      0             -1576.5076     -2872.0813      6517.1332    
   1241000   948.83428     -1636.8501      0             -1575.6495      897.23209      6513.2494    
   1242000   1032.0193     -1640.3172      0             -1573.7511      3162.7784      6488.7636    
   1243000   1075.5898     -1641.8789      0             -1572.5025      3304.156       6482.158     
   1244000   985.60424     -1647.1003      0             -1583.528      -1363.698       6474.3593    
   1245000   974.99319     -1636.1701      0             -1573.2822     -8510.5541      6564.8278    
   1246000   1030.3418     -1641.042       0             -1574.5841     -11553.225      6565.6383    
   1247000   986.51856     -1639.7136      0             -1576.0824     -3193.481       6529.4161    
   1248000   932.18036     -1643.8163      0             -1583.6899     -5677.2583      6512.4151    
   1249000   1045.1176     -1642.0423      0             -1574.6313     -9854.4528      6555.3954    
   1250000   953.29056     -1638.1518      0             -1576.6638     -1238.5612      6518.2408    
   1251000   1051.1218     -1641.9252      0             -1574.127      -3467.2457      6517.065     
   1252000   983.2361      -1646.9625      0             -1583.543      -1382.3481      6476.6986    
   1253000   984.29902     -1647.1127      0             -1583.6246     -238.58233      6472.604     
   1254000   998.05249     -1642.5147      0             -1578.1395      4311.008       6472.2798    
   1255000   1066.5611     -1640.1228      0             -1571.3287      9009.6662      6467.6398    
   1256000   1042.095      -1644.1935      0             -1576.9776      4231.0379      6470.7085    
   1257000   1068.5006     -1650.3094      0             -1581.3902     -676.18678      6468.0647    
   1258000   1023.0772     -1645.1185      0             -1579.1292     -3484.0008      6497.3356    
   1259000   1027.3872     -1645.9201      0             -1579.6527     -9956.0998      6526.9941    
   1260000   1044.3973     -1638.0642      0             -1570.6998     -223.8352       6516.6737    
   1261000   1017.1975     -1634.833       0             -1569.2229     -1402.8728      6532.5994    
   1262000   988.21165     -1643.0041      0             -1579.2637      4896.4395      6467.8338    
   1263000   1021.615      -1639.2783      0             -1573.3833      3020.4043      6497.2461    
   1264000   961.79522     -1644.111       0             -1582.0744      4546.4105      6457.4982    
   1265000   1084.569      -1641.1145      0             -1571.1589      2169.5583      6488.6857    
   1266000   1033.1784     -1641.1003      0             -1574.4595      5485.5644      6476.2325    
   1267000   973.13282     -1641.8159      0             -1579.048       1666.6579      6483.4246    
   1268000   1019.7766     -1645.6585      0             -1579.882      -1624.9482      6489.2285    
   1269000   994.51033     -1641.8178      0             -1577.6711     -930.43573      6502.9346    
   1270000   973.44507     -1639.2847      0             -1576.4967      433.2639       6504.7232    
   1271000   1000.5717     -1641.1386      0             -1576.601       10883.772      6450.185     
   1272000   1073.0447     -1643.0233      0             -1573.8111      9994.0404      6440.3844    
   1273000   1061.707      -1640.8384      0             -1572.3574      8041.4048      6462.9725    
   1274000   1005.499      -1641.3377      0             -1576.4822      2764.4006      6478.706     
   1275000   1065.9013     -1636.6813      0             -1567.9298     -4445.9665      6550.8171    
   1276000   992.27819     -1644.9413      0             -1580.9385     -2823.7709      6491.1656    
   1277000   1047.5054     -1641.7969      0             -1574.232      -723.14635      6503.4046    
   1278000   1018.804      -1640.7796      0             -1575.0659      600.44659      6502.2909    
   1279000   1062.3688     -1642.3702      0             -1573.8466      12694.574      6433.7822    
   1280000   1082.121      -1642.6296      0             -1572.832       9059.8375      6448.5954    
   1281000   1071.6504     -1648.2002      0             -1579.0779     -242.37011      6471.6027    
   1282000   982.5129      -1642.2314      0             -1578.8585      7364.725       6454.6138    
   1283000   1056.7043     -1639.1967      0             -1571.0384      7362.5891      6471.1249    
   1284000   983.5742      -1641.6644      0             -1578.2231      5975.6159      6462.3485    
   1285000   966.79306     -1641.4107      0             -1579.0518     -2312.1738      6510.8001    
   1286000   1012.1356     -1639.0402      0             -1573.7566     -6772.8921      6543.8426    
   1287000   1007.9668     -1644.3239      0             -1579.3093     -9702.0125      6541.0336    
   1288000   1085.9983     -1636.5456      0             -1566.4978     -9995.0307      6585.7901    
   1289000   986.53551     -1638.9884      0             -1575.3561      2892.4269      6500.4123    
   1290000   985.32866     -1646.1329      0             -1582.5784      2182.1353      6460.5468    
   1291000   995.03429     -1643.8412      0             -1579.6607     -1044.2137      6486.4191    
   1292000   995.62662     -1639.0963      0             -1574.8776      655.98556      6508.3323    
   1293000   1045.8015     -1639.7241      0             -1572.2691      4363.8216      6486.88      
   1294000   934.29264     -1639.8406      0             -1579.5779      7390.527       6462.6225    
   1295000   1048.9341     -1637.3049      0             -1569.6478      1682.392       6513.3529    
   1296000   1022.0871     -1643.9492      0             -1578.0237      819.1517       6477.1502    
   1297000   1052.6321     -1641.7349      0             -1573.8393      330.21274      6497.7465    
   1298000   1007.2098     -1643.4707      0             -1578.5048     -776.97338      6494.2191    
   1299000   948.75133     -1644.4154      0             -1583.2202     -752.75137      6489.0445    
   1300000   979.1068      -1643.9083      0             -1580.7551     -4577.4937      6507.771     
   1300001   977.15666     -1643.7929      0             -1580.7655     -4414.4069      6507.3294    
Loop time of 41.4857 on 1 procs for 100000 steps with 500 atoms

Performance: 208.264 ns/day, 0.115 hours/ns, 2410.467 timesteps/s, 1.205 Matom-step/s
100.0% CPU use with 1 MPI tasks x 1 OpenMP threads

MPI task timing breakdown:
Section |  min time  |  avg time  |  max time  |%varavg| %total
---------------------------------------------------------------
Pair    | 39.326     | 39.326     | 39.326     |   0.0 | 94.79
Neigh   | 0.70635    | 0.70635    | 0.70635    |   0.0 |  1.70
Comm    | 0.42153    | 0.42153    | 0.42153    |   0.0 |  1.02
Output  | 0.02605    | 0.02605    | 0.02605    |   0.0 |  0.06
Modify  | 0.87059    | 0.87059    | 0.87059    |   0.0 |  2.10
Other   |            | 0.135      |            |       |  0.33

Nlocal:            500 ave         500 max         500 min
Histogram: 1 0 0 0 0 0 0 0 0 0
Nghost:           2425 ave        2425 max        2425 min
Histogram: 1 0 0 0 0 0 0 0 0 0
Neighs:          34266 ave       34266 max       34266 min
Histogram: 1 0 0 0 0 0 0 0 0 0

Total # of neighbors = 34266
Ave neighs/atom = 68.532
Neighbor list builds = 1128
Dangerous builds = 0

write_data  structure/Cu_half_${T2}K_${P}bar.lmp
write_data  structure/Cu_half_1000K_${P}bar.lmp
write_data  structure/Cu_half_1000K_1bar.lmp
System init for write_data ...
ure/Cu_half_${T2}K_${P}bar.lmp
ure/Cu_half_1000K_${P}bar.lmp
ure/Cu_half_1000K_1bar.lmp
ERROR: Unknown command: ure/Cu_half_${T2}K_${P}bar.lmp (src/input.cpp:314)
Last input line: ure/Cu_half_${T2}K_${P}bar.lmp
