dump        1 all custom 1000 results_unbiased/Cu_half_${T2}K_${P}bar.traj element x y z id
dump        1 all custom 1000 results_unbiased/Cu_half_1100K_${P}bar.traj element x y z id
dump        1 all custom 1000 results_unbiased/Cu_half_1100K_1bar.traj element x y z id
dump_modify 1 element Cu
run         100000
Per MPI rank memory allocation (min/avg/max) = 3.465 | 3.465 | 3.465 Mbytes
   Step          Temp          E_pair         E_mol          TotEng         Press          Volume    
   1100001   1101.9549     -1629.4232      0             -1558.3462      1110.1786      6556.0685    
   1101000   1131.5939     -1631.0615      0             -1558.0727      2336.18        6539.4184    
   1102000   1060.4703     -1628.2173      0             -1559.8161      2102.991       6549.8183    
   1103000   1059.409      -1632.7424      0             -1564.4096     -3456.1888      6568.5324    
   1104000   1044.5623     -1634.3764      0             -1567.0013     -4431.548       6559.0639    
   1105000   1118.9509     -1632.9025      0             -1560.7293     -4886.0346      6571.8155    
   1106000   1120.357      -1626.7149      0             -1554.451       1591.5041      6567.612     
   1107000   1136.7466     -1631.3325      0             -1558.0114      8121.6281      6514.6571    
   1108000   1075.6223     -1633.3493      0             -1563.9708      5680.0983      6518.118     
   1109000   1057.7941     -1633.1576      0             -1564.929      -626.3359       6547.045     
   1110000   1133.2912     -1632.8036      0             -1559.7054      1890.5717      6540.6161    
   1111000   1122.5977     -1628.833       0             -1556.4246     -10542.593      6625.0052    
   1112000   1117.1129     -1629.3374      0             -1557.2828      2158.8396      6552.0083    
   1113000   1150.8997     -1634.0314      0             -1559.7974      3429.9812      6527.9161    
   1114000   1182.252      -1630.2887      0             -1554.0325     -1877.1325      6576.1063    
   1115000   1142.8773     -1624.7262      0             -1551.0097     -2417.4761      6604.0054    
   1116000   1050.66       -1630.5073      0             -1562.7388      1789.9139      6548.0827    
   1117000   1170.8679     -1632.7651      0             -1557.2432     -830.41362      6557.7788    
   1118000   1036.8818     -1636.6929      0             -1569.8132      9575.0249      6473.8592    
   1119000   1063.7549     -1634.1831      0             -1565.57       -2820.5832      6557.5869    
   1120000   1064.6708     -1631.2612      0             -1562.5891      6045.1612      6525.9201    
   1121000   1143.4483     -1632.4499      0             -1558.6966      6973.3383      6513.3028    
   1122000   1095.0116     -1631.9497      0             -1561.3205     -3113.0183      6565.7544    
   1123000   1095.6181     -1628.1082      0             -1557.4399      467.52003      6567.8141    
   1124000   1110.2384     -1628.8674      0             -1557.2561      8318.2037      6525.9799    
   1125000   1065.69       -1629.5722      0             -1560.8344      3580.0017      6544.6685    
   1126000   1083.9102     -1629.6294      0             -1559.7163     -3525.3517      6578.9696    
   1127000   1078.2666     -1629.5288      0             -1559.9797      4445.842       6547.6657    
   1128000   1078.348      -1632.526       0             -1562.9717      4957.374       6516.9763    
   1129000   1052.1843     -1630.392       0             -1562.5253     -11062.146      6615.8942    
   1130000   1065.8213     -1632.2856      0             -1563.5392     -6457.9577      6581.7768    
   1131000   1150.0539     -1636.1725      0             -1561.9931     -1324.065       6538.1939    
   1132000   1063.9791     -1639.8114      0             -1571.1839      1871.1418      6503.1423    
   1133000   1042.4854     -1631.3684      0             -1564.1272      6544.4299      6520.6888    
   1134000   1094.5397     -1628.0334      0             -1557.4347      2727.1299      6559.7168    
   1135000   1084.2166     -1627.0223      0             -1557.0894      223.21436      6576.2119    
   1136000   1122.7692     -1627.5004      0             -1555.0809     -543.72734      6571.0583    
   1137000   1080.0107     -1629.4445      0             -1559.7829      6426.9216      6522.9757    
   1138000   1022.2324     -1634.5899      0             -1568.6551      159.1167       6531.7487    
   1139000   1076.3008     -1633.2985      0             -1563.8762     -9911.4955      6594.3383    
   1140000   1097.3494     -1630.9157      0             -1560.1358     -1672.0947      6569.4452    
   1141000   1131.1442     -1635.3476      0             -1562.3879     -493.26507      6525.7748    
   1142000   1119.9755     -1628.4139      0             -1556.1746     -4814.4125      6593.72      
   1143000   1108.2747     -1634.3925      0             -1562.9079      4939.3234      6511.7285    
   1144000   1141.7512     -1634.2497      0             -1560.6058      5516.3742      6516.2654    
   1145000   1099.3561     -1629.2697      0             -1558.3604      6588.5611      6530.7931    
   1146000   1086.5322     -1630.6948      0             -1560.6126     -1317.3054      6561.5196    
   1147000   1079.0078     -1629.3922      0             -1559.7954     -4444.9886      6591.1284    
   1148000   1108.5764     -1627.6989      0             -1556.1948      9275.1839      6525.5677    
   1149000   1161.951      -1632.2239      0             -1557.2772     -383.43194      6555.407     
   1150000   1096.483      -1632.4819      0             -1561.7578     -5347.8292      6576.0156    
   1151000   1098.5001     -1626.0739      0             -1555.2197     -2815.9703      6591.7499    
   1152000   1089.9215     -1622.093       0             -1551.7922      4574.8608      6578.5986    
   1153000   1124.9793     -1627.3203      0             -1554.7582      505.7471       6571.3911    
   1154000   1122.4609     -1630.8494      0             -1558.4497     -8174.9208      6606.1698    
   1155000   1129.7899     -1630.3163      0             -1557.4439     -6744.4625      6597.1856    
   1156000   1183.537      -1632.9994      0             -1556.6603     -2214.9172      6557.8191    
   1157000   1108.1258     -1631.1821      0             -1559.7071      7310.2774      6512.1536    
   1158000   1162.0188     -1628.9683      0             -1554.0171      12736.856      6496.3017    
   1159000   1096.1129     -1633.2842      0             -1562.584      -2136.5158      6558.2907    
   1160000   1121.8579     -1629.4514      0             -1557.0907     -4488.2482      6593.2945    
   1161000   1099.7808     -1635.6513      0             -1564.7146      1357.3043      6525.3411    
   1162000   1050.6243     -1635.3291      0             -1567.563       38.806614      6534.9958    
   1163000   1097.672      -1631.6239      0             -1560.8231     -4705.7447      6576.8241    
   1164000   1039.6442     -1634.341       0             -1567.2831     -7576.8664      6579.8112    
   1165000   1136.1076     -1632.3045      0             -1559.0246      3342.4318      6532.4668    
   1166000   1157.8143     -1634.2396      0             -1559.5596      1499.1675      6530.2334    
   1167000   1071.929      -1629.8448      0             -1560.7045      6133.0351      6528.2758    
   1168000   1047.9674     -1627.6584      0             -1560.0636     -555.14792      6571.969     
   1169000   1043.8882     -1632.0078      0             -1564.6761     -1399.3601      6556.5748    
   1170000   1043.7643     -1633.4814      0             -1566.1578      5049.716       6514.3472    
   1171000   1097.0291     -1627.5202      0             -1556.7609      4474.3206      6547.0202    
   1172000   1108.566      -1633.134       0             -1561.6306      6359.5996      6516.6062    
   1173000   1126.2053     -1629.6354      0             -1556.9942      1825.2962      6551.4317    
   1174000   1089.1322     -1630.0863      0             -1559.8364      3175.2915      6548.0259    
   1175000   1094.2278     -1625.6955      0             -1555.1169     -3385.5642      6603.6112    
   1176000   1041.5077     -1624.4176      0             -1557.2395     -10453.742      6639.5947    
   1177000   1138.9534     -1633.5959      0             -1560.1325     -4453.8941      6570.5736    
   1178000   1121.6881     -1629.9078      0             -1557.558      -2439.7166      6571.2315    
   1179000   1060.2271     -1629.3107      0             -1560.9252      2134.0874      6553.0432    
   1180000   1047.5782     -1633.0952      0             -1565.5255      9752.942       6486.0427    
   1181000   1084.4747     -1623.3829      0             -1553.4334     -5110.7081      6628.5616    
   1182000   1076.3048     -1630.2585      0             -1560.836      -857.98185      6568.9111    
   1183000   1063.6391     -1628.0734      0             -1559.4678      6901.5008      6531.0646    
   1184000   1193.1297     -1633.3585      0             -1556.4006      3244.9581      6531.1964    
   1185000   1142.5538     -1633.6022      0             -1559.9065     -998.19239      6553.1155    
   1186000   1075.6026     -1632.8424      0             -1563.4651     -8192.7979      6580.7037    
   1187000   1080.5788     -1640.3935      0             -1570.6953     -8322.4663      6551.018     
   1188000   1105.5939     -1627.9296      0             -1556.6179     -3472.1567      6598.5819    
   1189000   1138.958      -1629.0635      0             -1555.5998     -1963.4287      6580.9878    
   1190000   1104.9624     -1629.8809      0             -1558.61        5600.3064      6530.4921    
   1191000   1099.0585     -1634.5638      0             -1563.6737      1472.4084      6536.4263    
   1192000   1111.722      -1629.2305      0             -1557.5235     -477.49658      6570.6586    
   1193000   1145.0981     -1633.1518      0             -1559.292      -6855.7955      6582.9056    
   1194000   1153.0424     -1634.5362      0             -1560.1641      1166.5107      6542.7806    
   1195000   1090.3176     -1628.8482      0             -1558.5218      919.03062      6563.6194    
   1196000   1122.8229     -1630.7345      0             -1558.3115     -316.87937      6558.3618    
   1197000   1151.4613     -1634.3337      0             -1560.0635     -1845.0798      6550.4833    
   1198000   1105.6307     -1625.9612      0             -1554.6472      8918.8531      6534.6107    
   1199000   1099.4811     -1634.5443      0             -1563.6269      3053.3856      6520.6369    
   1200000   1110.5034     -1632.5085      0             -1560.8802      719.66913      6552.6539    
   1200001   1108.3901     -1632.3221      0             -1560.83        957.12724      6552.0724    
Loop time of 38.8104 on 1 procs for 100000 steps with 500 atoms

Performance: 222.621 ns/day, 0.108 hours/ns, 2576.631 timesteps/s, 1.288 Matom-step/s
100.1% CPU use with 1 MPI tasks x 1 OpenMP threads

MPI task timing breakdown:
Section |  min time  |  avg time  |  max time  |%varavg| %total
---------------------------------------------------------------
Pair    | 36.731     | 36.731     | 36.731     |   0.0 | 94.64
Neigh   | 0.72033    | 0.72033    | 0.72033    |   0.0 |  1.86
Comm    | 0.40796    | 0.40796    | 0.40796    |   0.0 |  1.05
Output  | 0.025881   | 0.025881   | 0.025881   |   0.0 |  0.07
Modify  | 0.80671    | 0.80671    | 0.80671    |   0.0 |  2.08
Other   |            | 0.1188     |            |       |  0.31

Nlocal:            500 ave         500 max         500 min
Histogram: 1 0 0 0 0 0 0 0 0 0
Nghost:           2436 ave        2436 max        2436 min
Histogram: 1 0 0 0 0 0 0 0 0 0
Neighs:          33974 ave       33974 max       33974 min
Histogram: 1 0 0 0 0 0 0 0 0 0

Total # of neighbors = 33974
Ave neighs/atom = 67.948
Neighbor list builds = 1217
Dangerous builds = 0

write_data  structure/Cu_half_${T2}K_${P}bar.lmp
write_data  structure/Cu_half_1100K_${P}bar.lmp
write_data  structure/Cu_half_1100K_1bar.lmp
System init for write_data ...
Total wall time: 0:07:24
