dump        1 all custom 1000 results_unbiased/Cu_half_${T2}K_${P}bar.traj element x y z id
dump        1 all custom 1000 results_unbiased/Cu_half_1200K_${P}bar.traj element x y z id
dump        1 all custom 1000 results_unbiased/Cu_half_1200K_1bar.traj element x y z id
dump_modify 1 element Cu
run         100000
Per MPI rank memory allocation (min/avg/max) = 3.753 | 3.753 | 3.753 Mbytes
   Step          Temp          E_pair         E_mol          TotEng         Press          Volume    
    300001   1197.8723     -1615.4435      0             -1538.1798      914.23118      6636.9128    
    301000   1161.9271     -1618.8371      0             -1543.8919     -4527.4923      6647.3951    
    302000   1233.9651     -1626.3882      0             -1546.7964     -937.29094      6595.1882    
    303000   1161.5028     -1617.0834      0             -1542.1655     -181.12044      6623.9717    
    304000   1211.6155     -1622.5048      0             -1544.3546     -3424.8335      6619.9904    
    305000   1107.3854     -1623.6511      0             -1552.2238      9856.533       6538.6709    
    306000   1240.5954     -1621.5806      0             -1541.5612     -8825.5652      6667.9923    
    307000   1203.2155     -1620.8348      0             -1543.2265     -3082.2899      6633.741     
    308000   1240.0848     -1620.2561      0             -1540.2696     -2192.9138      6631.4516    
    309000   1138.8914     -1624.009       0             -1550.5496     -2277.9788      6607.7332    
    310000   1243.7074     -1617.6628      0             -1537.4427     -4305.0132      6652.4029    
    311000   1267.2241     -1622.4775      0             -1540.7405     -2631.5334      6622.4312    
    312000   1196.4457     -1623.1365      0             -1545.9647     -2553.4271      6618.8621    
    313000   1227.1267     -1620.7969      0             -1541.6462     -13072.189      6681.6895    
    314000   1266.2909     -1622.2188      0             -1540.542       500.47996      6601.2641    
    315000   1186.3911     -1623.2187      0             -1546.6955      3629.7559      6579.0297    
    316000   1209.8143     -1622.0365      0             -1544.0025     -3970.5935      6636.8695    
    317000   1204.7861     -1623.6543      0             -1545.9446     -967.50474      6603.7392    
    318000   1140.29       -1631.5974      0             -1558.0478     -6455.5919      6581.7584    
    319000   1243.136      -1618.6772      0             -1538.4939     -1688.4707      6633.7838    
    320000   1182.7244     -1624.3587      0             -1548.072       321.99939      6593.4105    
    321000   1211.2385     -1616.101       0             -1537.9751      3023.9156      6621.6568    
    322000   1215.5836     -1622.943       0             -1544.5369      7369.2061      6564.7974    
    323000   1199.9461     -1625.8936      0             -1548.4961     -12124.185      6649.3821    
    324000   1196.5        -1619.7223      0             -1542.547       1716.9167      6605.5327    
    325000   1252.4801     -1620.1659      0             -1539.3799      3841.3104      6590.6423    
    326000   1197.7994     -1619.0887      0             -1541.8296     -9978.3926      6676.1379    
    327000   1190.4337     -1623.0162      0             -1546.2322      1796.1958      6594.9779    
    328000   1220.3269     -1620.1487      0             -1541.4366     -1482.9702      6624.3793    
    329000   1148.368      -1614.8662      0             -1540.7955      379.58116      6646.6024    
    330000   1205.7944     -1619.8443      0             -1542.0696     -2079.6587      6633.5817    
    331000   1171.6026     -1616.317       0             -1540.7477      383.54293      6632.2314    
    332000   1197.97       -1619.5081      0             -1542.238       12495.094      6554.0518    
    333000   1185.4341     -1625.1396      0             -1548.6781     -3902.8673      6611.4187    
    334000   1208.2203     -1617.4154      0             -1539.4842     -5594.0069      6664.101     
    335000   1334.5412     -1620.5035      0             -1534.4245      1686.9956      6613.0716    
    336000   1196.3275     -1622.0204      0             -1544.8563      3811.1853      6581.3036    
    337000   1168.8901     -1619.9473      0             -1544.5529     -2957.4388      6634.5322    
    338000   1173.9215     -1625.3983      0             -1549.6794      6108.1364      6552.0764    
    339000   1201.6818     -1616.6713      0             -1539.1618     -2115.8796      6644.3589    
    340000   1202.2287     -1628.8863      0             -1551.3415     -5057.4091      6604.4276    
    341000   1229.7419     -1619.6665      0             -1540.3472      3772.0642      6601.4541    
    342000   1215.1815     -1621.8946      0             -1543.5144      826.47037      6598.6114    
    343000   1181.9057     -1622.442       0             -1546.2081     -3844.897       6622.6866    
    344000   1198.9007     -1611.6537      0             -1534.3236     -3476.3357      6682.635     
    345000   1156.154      -1620.3669      0             -1545.794      -2644.8538      6623.769     
    346000   1257.5665     -1620.2972      0             -1539.1832      9072.449       6576.1877    
    347000   1144.2601     -1623.9684      0             -1550.1627     -5159.0354      6622.9674    
    348000   1175.535      -1618.7927      0             -1542.9697     -6002.0289      6654.0082    
    349000   1215.2334     -1621.5491      0             -1543.1656      9343.1354      6568.4662    
    350000   1219.6198     -1618.8916      0             -1540.2251      1589.1532      6611.3485    
    351000   1195.21       -1617.5013      0             -1540.4092     -6618.2983      6671.55      
    352000   1206.0848     -1614.3395      0             -1536.5461     -1827.3295      6661.8368    
    353000   1190.3699     -1624.4232      0             -1547.6433      8128.9605      6545.2091    
    354000   1186.3423     -1624.4768      0             -1547.9568     -5066.2773      6618.7379    
    355000   1180.0273     -1621.2189      0             -1545.1062      124.71492      6608.2006    
    356000   1219.8273     -1618.1094      0             -1539.4296     -1557.927       6643.2363    
    357000   1141.9499     -1620.2955      0             -1546.6388      3338.8844      6596.8944    
    358000   1219.0489     -1620.8622      0             -1542.2325      2362.7396      6600.2897    
    359000   1205.723      -1617.009       0             -1539.2389      2839.9961      6628.5313    
    360000   1230.1097     -1617.7604      0             -1538.4173     -4468.1946      6655.8722    
    361000   1229.1957     -1622.2092      0             -1542.9251     -6937.0147      6652.6598    
    362000   1289.1899     -1621.8681      0             -1538.7143      521.40403      6614.2669    
    363000   1217.5656     -1621.6901      0             -1543.1562     -108.44673      6614.2197    
    364000   1223.0436     -1622.2695      0             -1543.3822     -1917.0358      6612.2843    
    365000   1143.7515     -1623.7024      0             -1549.9295      3809.8921      6581.5378    
    366000   1205.7683     -1618.4202      0             -1540.6471     -797.17054      6626.0114    
    367000   1132.1728     -1620.2502      0             -1547.2241     -2915.0509      6625.6376    
    368000   1231.7785     -1617.0144      0             -1537.5637      4178.8152      6611.8056    
    369000   1237.9905     -1621.9549      0             -1542.1035     -7358.7684      6657.8654    
    370000   1191.8084     -1622.7656      0             -1545.893      -87.109332      6603.1398    
    371000   1171.8834     -1618.4012      0             -1542.8138      5182.1502      6595.4905    
    372000   1164.8632     -1622.1966      0             -1547.062      -2640.3378      6622.3021    
    373000   1220.4101     -1619.1285      0             -1540.411      -2316.1821      6631.9999    
    374000   1237.0043     -1623.2448      0             -1543.457       971.72243      6605.6667    
    375000   1189.8601     -1625.0148      0             -1548.2679      3571.4183      6570.9465    
    376000   1108.3539     -1620.9589      0             -1549.4692      2016.3739      6603.1983    
    377000   1235.8649     -1623.2291      0             -1543.5148     -558.58205      6609.263     
    378000   1148.6248     -1617.9391      0             -1543.8519     -95.041036      6630.1408    
    379000   1208.4461     -1620.1732      0             -1542.2274     -1841.685       6629.6076    
    380000   1214.9824     -1615.3145      0             -1536.9471      7368.4081      6600.3944    
    381000   1234.5991     -1621.5311      0             -1541.8985     -1044.4165      6621.4819    
    382000   1206.7258     -1626.7456      0             -1548.9108      1407.81        6571.9799    
    383000   1246.0191     -1621.5469      0             -1541.1777     -3062.666       6625.4028    
    384000   1211.1679     -1623.5153      0             -1545.394      -2994.9463      6624.906     
    385000   1209.0425     -1620.3661      0             -1542.3818      3021.6977      6599.5386    
    386000   1188.3329     -1618.0116      0             -1541.3631     -7813.9148      6674.2526    
    387000   1176.4255     -1614.9089      0             -1539.0285     -9863.7732      6697.8131    
    388000   1200.2283     -1617.4348      0             -1540.0191      8821.246       6578.9416    
    389000   1255.6114     -1621.3212      0             -1540.3333     -8510.2955      6672.6325    
    390000   1177.6768     -1620.8931      0             -1544.932       3816.8489      6594.2058    
    391000   1179.6842     -1621.4879      0             -1545.3973      3560.7605      6590.0072    
    392000   1149.096      -1622.489       0             -1548.3714     -5372.0766      6634.6956    
    393000   1207.644      -1622.8151      0             -1544.9211     -2708.8025      6618.9944    
    394000   1153.5427     -1623.9797      0             -1549.5752     -5007.8248      6618.6829    
    395000   1215.7984     -1623.1253      0             -1544.7054      9449.6291      6554.7637    
    396000   1209.7107     -1625.0219      0             -1546.9946     -10030.997      6636.9016    
    397000   1203.8709     -1625.3697      0             -1547.7191     -8534.2653      6641.9625    
    398000   1300.9652     -1618.2456      0             -1534.3323      736.94979      6625.3747    
    399000   1177.056      -1620.9771      0             -1545.0561      3496.6714      6592.3462    
    400000   1207.3671     -1614.6086      0             -1536.7325     -2223.4622      6654.9947    
    400001   1209.2478     -1614.634       0             -1536.6365     -2255.6403      6655.2518    
Loop time of 304.939 on 1 procs for 100000 steps with 500 atoms

Performance: 28.334 ns/day, 0.847 hours/ns, 327.935 timesteps/s, 163.967 katom-step/s
88.9% CPU use with 1 MPI tasks x 1 OpenMP threads

MPI task timing breakdown:
Section |  min time  |  avg time  |  max time  |%varavg| %total
---------------------------------------------------------------
Pair    | 179.55     | 179.55     | 179.55     |   0.0 | 58.88
Neigh   | 1.09       | 1.09       | 1.09       |   0.0 |  0.36
Comm    | 5.534      | 5.534      | 5.534      |   0.0 |  1.81
Output  | 0.035129   | 0.035129   | 0.035129   |   0.0 |  0.01
Modify  | 102.54     | 102.54     | 102.54     |   0.0 | 33.63
Other   |            | 16.19      |            |       |  5.31

Nlocal:            500 ave         500 max         500 min
Histogram: 1 0 0 0 0 0 0 0 0 0
Nghost:           2397 ave        2397 max        2397 min
Histogram: 1 0 0 0 0 0 0 0 0 0
Neighs:          33446 ave       33446 max       33446 min
Histogram: 1 0 0 0 0 0 0 0 0 0

Total # of neighbors = 33446
Ave neighs/atom = 66.892
Neighbor list builds = 1303
Dangerous builds = 0

write_data  structure/Cu_half_${T2}K_${P}bar.lmp
write_data  structure/Cu_half_1200K_${P}bar.lmp
write_data  structure/Cu_half_1200K_1bar.lmp
System init for write_data ...
Total wall time: 0:20:32
