dump        1 all custom 1000 results_unbiased/Cu_half_${T2}K_${P}bar.traj element x y z id
dump        1 all custom 1000 results_unbiased/Cu_half_900K_${P}bar.traj element x y z id
dump        1 all custom 1000 results_unbiased/Cu_half_900K_1bar.traj element x y z id
dump_modify 1 element Cu
run         100000
Per MPI rank memory allocation (min/avg/max) = 3.468 | 3.468 | 3.468 Mbytes
   Step          Temp          E_pair         E_mol          TotEng         Press          Volume    
    300001   938.8481      -1649.822       0             -1589.2656      4595.5181      6433.3727    
    301000   845.77889     -1648.7954      0             -1594.2419      7027.2615      6417.8541    
    302000   884.88289     -1653.2954      0             -1596.2197      3656.1564      6418.8975    
    303000   931.16869     -1650.208       0             -1590.1468      1047.6041      6448.5844    
    304000   860.28771     -1657.4516      0             -1601.9623      8036.1404      6369.7441    
    305000   865.32542     -1654.4895      0             -1598.6753      1158.0097      6419.5143    
    306000   897.89741     -1652.7691      0             -1594.854      -6216.7258      6472.7549    
    307000   857.00252     -1654.7567      0             -1599.4794      916.35592      6418.742     
    308000   917.70277     -1655.7414      0             -1596.5488      2782.0534      6410.0752    
    309000   900.42945     -1650.7293      0             -1592.6509      5340.1193      6417.8669    
    310000   902.21455     -1656.1063      0             -1597.9127      3118.6679      6407.3536    
    311000   924.24013     -1655.3304      0             -1595.7161      10028.184      6369.591     
    312000   944.18158     -1655.9866      0             -1595.0861     -3101.4063      6434.3643    
    313000   972.69499     -1653.8413      0             -1591.1017     -3650.074       6455.1133    
    314000   936.22395     -1657.8204      0             -1597.4332     -8158.4429      6454.2171    
    315000   839.61872     -1649.0928      0             -1594.9367     -7401.1011      6489.6736    
    316000   907.17974     -1657.6509      0             -1599.1371     -1056.0602      6420.4649    
    317000   930.30733     -1654.0573      0             -1594.0517     -5826.1779      6460.4187    
    318000   864.90025     -1654.3548      0             -1598.5681     -2072.5824      6437.0241    
    319000   910.74642     -1654.8899      0             -1596.146       4624.6537      6406.1057    
    320000   919.14736     -1657.9102      0             -1598.6245      5339.8212      6387.452     
    321000   880.88629     -1653.6178      0             -1596.8         11184.135      6381.2238    
    322000   906.37086     -1656.1113      0             -1597.6496      9183.5459      6377.1363    
    323000   903.86599     -1655.191       0             -1596.8909      637.06064      6421.0788    
    324000   933.45356     -1656.5519      0             -1596.3434      2243.1727      6409.3481    
    325000   920.62537     -1650.0709      0             -1590.6898      948.57199      6448.9669    
    326000   846.32526     -1648.8278      0             -1594.2391     -2105.8217      6461.9377    
    327000   902.89057     -1650.5446      0             -1592.3074     -8263.0338      6490.5705    
    328000   873.23842     -1655.4645      0             -1599.1399      521.71395      6423.6728    
    329000   877.5456      -1648.7357      0             -1592.1333      1324.594       6447.0423    
    330000   907.00281     -1656.1977      0             -1597.6953      4713.643       6393.5631    
    331000   898.15403     -1657.9532      0             -1600.0215      2695.4218      6396.6524    
    332000   824.06598     -1650.634       0             -1597.481       162.71456      6439.7816    
    333000   836.50294     -1649.5681      0             -1595.6129     -7820.0351      6490.8291    
    334000   902.99469     -1655.2194      0             -1596.9755     -3905.5718      6450.6598    
    335000   851.12303     -1654.3022      0             -1599.404      -2669.8656      6436.2693    
    336000   892.53751     -1655.0978      0             -1597.5284     -8377.0883      6471.273     
    337000   868.7826      -1652.9996      0             -1596.9624     -5286.8141      6463.3339    
    338000   885.39511     -1651.6988      0             -1594.5901     -2401.1731      6452.0171    
    339000   910.85316     -1652.3015      0             -1593.5507      1582.1292      6431.1267    
    340000   918.72393     -1648.7588      0             -1589.5004      1167.9181      6449.2316    
    341000   895.9289      -1653.5739      0             -1595.7858      4900.1629      6405.2018    
    342000   854.4034      -1652.4107      0             -1597.301       2837.0792      6418.6845    
    343000   862.86666     -1657.1469      0             -1601.4913     -2777.7952      6432.4415    
    344000   865.68629     -1651.7287      0             -1595.8912     -10097.713      6494.6718    
    345000   826.55814     -1651.8757      0             -1598.562      -9167.6931      6486.3407    
    346000   902.67783     -1650.2867      0             -1592.0633     -4777.1283      6474.1099    
    347000   894.00622     -1652.74        0             -1595.0758     -2360.2524      6455.7538    
    348000   893.58759     -1650.735       0             -1593.0979      863.84412      6449.6327    
    349000   910.71197     -1652.4452      0             -1593.7036     -6760.7441      6474.4454    
    350000   870.11566     -1648.7032      0             -1592.58       -6529.3731      6486.75      
    351000   891.12937     -1650.127       0             -1592.6485     -7956.3472      6487.3248    
    352000   884.06785     -1654.1103      0             -1597.0872     -3984.5379      6444.325     
    353000   923.00692     -1652.122       0             -1592.5873      2093.7067      6430.7878    
    354000   925.37405     -1657.2052      0             -1597.5178      1227.0531      6411.8351    
    355000   909.21478     -1653.9774      0             -1595.3323     -2238.2907      6438.7876    
    356000   855.9618      -1656.6957      0             -1601.4855      1436.8216      6412.2375    
    357000   951.27622     -1653.0529      0             -1591.6948     -2762.9608      6452.3876    
    358000   933.12811     -1654.2033      0             -1594.0157     -2980.4465      6445.3472    
    359000   845.6621      -1655.5201      0             -1600.9742     -2007.2371      6422.5191    
    360000   888.79829     -1656.2084      0             -1598.8802     -3822.1875      6436.1989    
    361000   924.17808     -1652.9467      0             -1593.3365     -10551.653      6489.4099    
    362000   882.46377     -1655.7995      0             -1598.8799     -6624.3026      6451.2035    
    363000   937.74813     -1657.878       0             -1597.3925     -3461.9644      6428.6767    
    364000   845.78776     -1663.2506      0             -1608.6966      2846.1783      6369.3294    
    365000   885.68212     -1662.006       0             -1604.8788      2984.3743      6374.4055    
    366000   911.75044     -1663.6048      0             -1604.7962      3974.3009      6367.0798    
    367000   872.6552      -1675.558       0             -1619.271       9710.9529      6277.432     
    368000   906.74628     -1676.3716      0             -1617.8858      15808.672      6245.0699    
    369000   943.37024     -1677.8023      0             -1616.9541      1103.5439      6306.3737    
    370000   934.38492     -1677.4559      0             -1617.1873     -6710.1022      6344.8052    
    371000   893.56805     -1676.8029      0             -1619.167      -3558.4323      6338.5192    
    372000   893.93925     -1677.6069      0             -1619.9471     -5313.977       6335.8124    
    373000   878.9386      -1679.1887      0             -1622.4965     -2012.3639      6316.362     
    374000   923.47386     -1677.5741      0             -1618.0093     -1588.5142      6323.8515    
    375000   908.59853     -1681.9746      0             -1623.3692     -943.81117      6297.5163    
    376000   885.72244     -1676.8269      0             -1619.6971      1255.8656      6309.6201    
    377000   877.42828     -1682.4772      0             -1625.8824      1525.3643      6280.5787    
    378000   967.22535     -1683.2195      0             -1620.8327     -169.40763      6292.0657    
    379000   930.41551     -1682.9744      0             -1622.9619      3019.9464      6277.0957    
    380000   857.95899     -1683.9651      0             -1628.626       10156.919      6237.0457    
    381000   901.63136     -1683.9166      0             -1625.7607      3701.6828      6265.0838    
    382000   906.19842     -1683.5597      0             -1625.1092      1292.7314      6282.7783    
    383000   861.82357     -1680.829       0             -1625.2407     -7779.3759      6336.6665    
    384000   867.66065     -1689.5958      0             -1633.631      -3968.0282      6277.3211    
    385000   848.88325     -1682.1472      0             -1627.3935      4762.8534      6266.4905    
    386000   918.35802     -1687.727       0             -1628.4922      5578.3693      6242.1404    
    387000   949.42526     -1686.0878      0             -1624.8491      6018.742       6245.1725    
    388000   904.29003     -1685.2304      0             -1626.9029      10221.612      6226.305     
    389000   901.866       -1682.6827      0             -1624.5116     -723.78491      6292.4992    
    390000   952.55338     -1687.4385      0             -1625.998      -6764.5972      6303.2417    
    391000   885.0958      -1686.4592      0             -1629.3698     -6576.1009      6299.1125    
    392000   877.83183     -1684.4456      0             -1627.8247     -2537.0372      6290.7943    
    393000   909.60845     -1683.6248      0             -1624.9543      658.66778      6284.2983    
    394000   918.98806     -1684.5582      0             -1625.2828      3117.9144      6268.4887    
    395000   936.15523     -1686.4623      0             -1626.0795     -3344.4315      6288.2327    
    396000   862.37836     -1686.5641      0             -1630.9399     -504.0304       6273.7333    
    397000   976.55682     -1686.8981      0             -1623.9094      346.34839      6271.2114    
    398000   899.70436     -1684.1848      0             -1626.1531      11991.885      6223.4274    
    399000   950.29314     -1684.9526      0             -1623.6579      2722.7457      6273.1216    
    400000   920.64935     -1690.4052      0             -1631.0226      1386.407       6246.6643    
    400001   919.10861     -1690.3087      0             -1631.0255      1479.0556      6246.4902    
Loop time of 40.4393 on 1 procs for 100000 steps with 500 atoms

Performance: 213.653 ns/day, 0.112 hours/ns, 2472.841 timesteps/s, 1.236 Matom-step/s
101.5% CPU use with 1 MPI tasks x 1 OpenMP threads

MPI task timing breakdown:
Section |  min time  |  avg time  |  max time  |%varavg| %total
---------------------------------------------------------------
Pair    | 38.401     | 38.401     | 38.401     |   0.0 | 94.96
Neigh   | 0.59709    | 0.59709    | 0.59709    |   0.0 |  1.48
Comm    | 0.41881    | 0.41881    | 0.41881    |   0.0 |  1.04
Output  | 0.027349   | 0.027349   | 0.027349   |   0.0 |  0.07
Modify  | 0.8641     | 0.8641     | 0.8641     |   0.0 |  2.14
Other   |            | 0.1309     |            |       |  0.32

Nlocal:            500 ave         500 max         500 min
Histogram: 1 0 0 0 0 0 0 0 0 0
Nghost:           2453 ave        2453 max        2453 min
Histogram: 1 0 0 0 0 0 0 0 0 0
Neighs:          35683 ave       35683 max       35683 min
Histogram: 1 0 0 0 0 0 0 0 0 0

Total # of neighbors = 35683
Ave neighs/atom = 71.366
Neighbor list builds = 984
Dangerous builds = 0

write_data  structure/Cu_half_${T2}K_${P}bar.lmp
write_data  structure/Cu_half_900K_${P}bar.lmp
write_data  structure/Cu_half_900K_1bar.lmp
System init for write_data ...
Cu_half_${T2}K_${P}bar.lmp
Cu_half_900K_${P}bar.lmp
Cu_half_900K_1bar.lmp
ERROR: Unknown command: Cu_half_${T2}K_${P}bar.lmp (src/input.cpp:314)
Last input line: Cu_half_${T2}K_${P}bar.lmp
